Built target ament_cmake_python_symlink_proyecto_grupo_9_2025
running egg_info
writing proyecto_grupo_9_2025.egg-info/PKG-INFO
writing dependency_links to proyecto_grupo_9_2025.egg-info/dependency_links.txt
writing top-level names to proyecto_grupo_9_2025.egg-info/top_level.txt
reading manifest file 'proyecto_grupo_9_2025.egg-info/SOURCES.txt'
writing manifest file 'proyecto_grupo_9_2025.egg-info/SOURCES.txt'
Built target ament_cmake_python_build_proyecto_grupo_9_2025_egg
-- Install configuration: ""
-- Execute custom install script
-- Up-to-date symlink: /home/benjaminuc/Desktop/grupo9_ws/install/proyecto_grupo_9_2025/share/proyecto_grupo_9_2025/environment/pythonpath.sh
-- Up-to-date symlink: /home/benjaminuc/Desktop/grupo9_ws/install/proyecto_grupo_9_2025/share/proyecto_grupo_9_2025/environment/pythonpath.dsv
-- Up-to-date symlink: /home/benjaminuc/Desktop/grupo9_ws/install/proyecto_grupo_9_2025/local/lib/python3.10/dist-packages/proyecto_grupo_9_2025-0.0.0-py3.10.egg-info/PKG-INFO
-- Up-to-date symlink: /home/benjaminuc/Desktop/grupo9_ws/install/proyecto_grupo_9_2025/local/lib/python3.10/dist-packages/proyecto_grupo_9_2025-0.0.0-py3.10.egg-info/SOURCES.txt
-- Up-to-date symlink: /home/benjaminuc/Desktop/grupo9_ws/install/proyecto_grupo_9_2025/local/lib/python3.10/dist-packages/proyecto_grupo_9_2025-0.0.0-py3.10.egg-info/dependency_links.txt
-- Up-to-date symlink: /home/benjaminuc/Desktop/grupo9_ws/install/proyecto_grupo_9_2025/local/lib/python3.10/dist-packages/proyecto_grupo_9_2025-0.0.0-py3.10.egg-info/top_level.txt
-- Up-to-date symlink: /home/benjaminuc/Desktop/grupo9_ws/install/proyecto_grupo_9_2025/local/lib/python3.10/dist-packages/proyecto_grupo_9_2025/__init__.py
-- Up-to-date symlink: /home/benjaminuc/Desktop/grupo9_ws/install/proyecto_grupo_9_2025/share/proyecto_grupo_9_2025/launch/launch_act1.xml
-- Up-to-date symlink: /home/benjaminuc/Desktop/grupo9_ws/install/proyecto_grupo_9_2025/share/proyecto_grupo_9_2025/mapa_bodega.yaml
-- Up-to-date symlink: /home/benjaminuc/Desktop/grupo9_ws/install/proyecto_grupo_9_2025/share/proyecto_grupo_9_2025/mapa_bodega.pgm
-- Up-to-date symlink: /home/benjaminuc/Desktop/grupo9_ws/install/proyecto_grupo_9_2025/share/proyecto_grupo_9_2025/nav2_params.yaml
-- Up-to-date symlink: /home/benjaminuc/Desktop/grupo9_ws/install/proyecto_grupo_9_2025/share/ament_index/resource_index/package_run_dependencies/proyecto_grupo_9_2025
-- Up-to-date symlink: /home/benjaminuc/Desktop/grupo9_ws/install/proyecto_grupo_9_2025/share/ament_index/resource_index/parent_prefix_path/proyecto_grupo_9_2025
-- Up-to-date symlink: /home/benjaminuc/Desktop/grupo9_ws/install/proyecto_grupo_9_2025/share/proyecto_grupo_9_2025/environment/ament_prefix_path.sh
-- Up-to-date symlink: /home/benjaminuc/Desktop/grupo9_ws/install/proyecto_grupo_9_2025/share/proyecto_grupo_9_2025/environment/ament_prefix_path.dsv
-- Up-to-date symlink: /home/benjaminuc/Desktop/grupo9_ws/install/proyecto_grupo_9_2025/share/proyecto_grupo_9_2025/environment/path.sh
-- Up-to-date symlink: /home/benjaminuc/Desktop/grupo9_ws/install/proyecto_grupo_9_2025/share/proyecto_grupo_9_2025/environment/path.dsv
-- Up-to-date symlink: /home/benjaminuc/Desktop/grupo9_ws/install/proyecto_grupo_9_2025/share/proyecto_grupo_9_2025/local_setup.bash
-- Up-to-date symlink: /home/benjaminuc/Desktop/grupo9_ws/install/proyecto_grupo_9_2025/share/proyecto_grupo_9_2025/local_setup.sh
-- Up-to-date symlink: /home/benjaminuc/Desktop/grupo9_ws/install/proyecto_grupo_9_2025/share/proyecto_grupo_9_2025/local_setup.zsh
-- Up-to-date symlink: /home/benjaminuc/Desktop/grupo9_ws/install/proyecto_grupo_9_2025/share/proyecto_grupo_9_2025/local_setup.dsv
-- Symlinking: /home/benjaminuc/Desktop/grupo9_ws/install/proyecto_grupo_9_2025/share/proyecto_grupo_9_2025/package.dsv
-- Up-to-date symlink: /home/benjaminuc/Desktop/grupo9_ws/install/proyecto_grupo_9_2025/share/ament_index/resource_index/packages/proyecto_grupo_9_2025
-- Up-to-date symlink: /home/benjaminuc/Desktop/grupo9_ws/install/proyecto_grupo_9_2025/share/proyecto_grupo_9_2025/cmake/proyecto_grupo_9_2025Config.cmake
-- Up-to-date symlink: /home/benjaminuc/Desktop/grupo9_ws/install/proyecto_grupo_9_2025/share/proyecto_grupo_9_2025/cmake/proyecto_grupo_9_2025Config-version.cmake
-- Up-to-date symlink: /home/benjaminuc/Desktop/grupo9_ws/install/proyecto_grupo_9_2025/share/proyecto_grupo_9_2025/package.xml
Listing '/home/benjaminuc/Desktop/grupo9_ws/install/proyecto_grupo_9_2025/local/lib/python3.10/dist-packages/proyecto_grupo_9_2025'...
