[0.012s] Invoking command in '/home/benjaminuc/Desktop/grupo9_ws/build/lab3_grupo9': CMAKE_PREFIX_PATH=${CMAKE_PREFIX_PATH}:/opt/ros/humble /usr/bin/cmake --build /home/benjaminuc/Desktop/grupo9_ws/build/lab3_grupo9 -- -j12 -l12
[0.027s] -- Found ament_cmake: 1.3.11 (/opt/ros/humble/share/ament_cmake/cmake)
[0.113s] -- Override CMake install command with custom implementation using symlinks instead of copying resources
[0.117s] -- Found ament_lint_auto: 0.12.12 (/opt/ros/humble/share/ament_lint_auto/cmake)
[0.160s] -- Added test 'flake8' to check Python code syntax and style conventions
[0.160s] -- Added test 'lint_cmake' to check CMake code style
[0.160s] -- Added test 'pep257' to check Python code against some of the docstring style conventions in PEP 257
[0.161s] -- Added test 'xmllint' to check XML markup files
[0.161s] -- Configuring done
[0.164s] -- Generating done
[0.165s] -- Build files have been written to: /home/benjaminuc/Desktop/grupo9_ws/build/lab3_grupo9
[0.178s] Invoked command in '/home/benjaminuc/Desktop/grupo9_ws/build/lab3_grupo9' returned '0': CMAKE_PREFIX_PATH=${CMAKE_PREFIX_PATH}:/opt/ros/humble /usr/bin/cmake --build /home/benjaminuc/Desktop/grupo9_ws/build/lab3_grupo9 -- -j12 -l12
[0.179s] Invoking command in '/home/benjaminuc/Desktop/grupo9_ws/build/lab3_grupo9': CMAKE_PREFIX_PATH=${CMAKE_PREFIX_PATH}:/opt/ros/humble /usr/bin/cmake --install /home/benjaminuc/Desktop/grupo9_ws/build/lab3_grupo9
[0.183s] -- Install configuration: ""
[0.183s] -- Execute custom install script
[0.184s] -- Symlinking: /home/benjaminuc/Desktop/grupo9_ws/install/lab3_grupo9/lib/lab3_grupo9/sensor_model.py
[0.189s] -- Symlinking: /home/benjaminuc/Desktop/grupo9_ws/install/lab3_grupo9/share/lab3_grupo9//launch/sensor_model.xml
[0.194s] -- Up-to-date symlink: /home/benjaminuc/Desktop/grupo9_ws/install/lab3_grupo9/share/ament_index/resource_index/package_run_dependencies/lab3_grupo9
[0.194s] -- Up-to-date symlink: /home/benjaminuc/Desktop/grupo9_ws/install/lab3_grupo9/share/ament_index/resource_index/parent_prefix_path/lab3_grupo9
[0.195s] -- Up-to-date symlink: /home/benjaminuc/Desktop/grupo9_ws/install/lab3_grupo9/share/lab3_grupo9/environment/ament_prefix_path.sh
[0.195s] -- Up-to-date symlink: /home/benjaminuc/Desktop/grupo9_ws/install/lab3_grupo9/share/lab3_grupo9/environment/ament_prefix_path.dsv
[0.195s] -- Up-to-date symlink: /home/benjaminuc/Desktop/grupo9_ws/install/lab3_grupo9/share/lab3_grupo9/environment/path.sh
[0.195s] -- Up-to-date symlink: /home/benjaminuc/Desktop/grupo9_ws/install/lab3_grupo9/share/lab3_grupo9/environment/path.dsv
[0.195s] -- Up-to-date symlink: /home/benjaminuc/Desktop/grupo9_ws/install/lab3_grupo9/share/lab3_grupo9/local_setup.bash
[0.195s] -- Up-to-date symlink: /home/benjaminuc/Desktop/grupo9_ws/install/lab3_grupo9/share/lab3_grupo9/local_setup.sh
[0.195s] -- Up-to-date symlink: /home/benjaminuc/Desktop/grupo9_ws/install/lab3_grupo9/share/lab3_grupo9/local_setup.zsh
[0.195s] -- Up-to-date symlink: /home/benjaminuc/Desktop/grupo9_ws/install/lab3_grupo9/share/lab3_grupo9/local_setup.dsv
[0.195s] -- Symlinking: /home/benjaminuc/Desktop/grupo9_ws/install/lab3_grupo9/share/lab3_grupo9/package.dsv
[0.201s] -- Up-to-date symlink: /home/benjaminuc/Desktop/grupo9_ws/install/lab3_grupo9/share/ament_index/resource_index/packages/lab3_grupo9
[0.201s] -- Up-to-date symlink: /home/benjaminuc/Desktop/grupo9_ws/install/lab3_grupo9/share/lab3_grupo9/cmake/lab3_grupo9Config.cmake
[0.201s] -- Up-to-date symlink: /home/benjaminuc/Desktop/grupo9_ws/install/lab3_grupo9/share/lab3_grupo9/cmake/lab3_grupo9Config-version.cmake
[0.201s] -- Up-to-date symlink: /home/benjaminuc/Desktop/grupo9_ws/install/lab3_grupo9/share/lab3_grupo9/package.xml
[0.202s] Invoked command in '/home/benjaminuc/Desktop/grupo9_ws/build/lab3_grupo9' returned '0': CMAKE_PREFIX_PATH=${CMAKE_PREFIX_PATH}:/opt/ros/humble /usr/bin/cmake --install /home/benjaminuc/Desktop/grupo9_ws/build/lab3_grupo9
