[0.021s] Invoking command in '/home/benjaminuc/Desktop/grupo9_ws/build/cmd_vel_mux': CMAKE_PREFIX_PATH=${CMAKE_PREFIX_PATH}:/opt/ros/humble /usr/bin/cmake --build /home/benjaminuc/Desktop/grupo9_ws/build/cmd_vel_mux -- -j12 -l12
[0.104s] [ 50%] Built target cmd_vel_mux_node
[0.105s] [100%] Built target cmd_vel_mux
[0.145s] Invoked command in '/home/benjaminuc/Desktop/grupo9_ws/build/cmd_vel_mux' returned '0': CMAKE_PREFIX_PATH=${CMAKE_PREFIX_PATH}:/opt/ros/humble /usr/bin/cmake --build /home/benjaminuc/Desktop/grupo9_ws/build/cmd_vel_mux -- -j12 -l12
[0.146s] Invoking command in '/home/benjaminuc/Desktop/grupo9_ws/build/cmd_vel_mux': CMAKE_PREFIX_PATH=${CMAKE_PREFIX_PATH}:/opt/ros/humble /usr/bin/cmake --install /home/benjaminuc/Desktop/grupo9_ws/build/cmd_vel_mux
[0.152s] -- Install configuration: ""
[0.152s] -- Execute custom install script
[0.153s] -- Up-to-date symlink: /home/benjaminuc/Desktop/grupo9_ws/install/cmd_vel_mux/lib/cmd_vel_mux/cmd_vel_mux_node
[0.153s] -- Up-to-date symlink: /home/benjaminuc/Desktop/grupo9_ws/install/cmd_vel_mux/lib/libcmd_vel_mux.so
[0.154s] -- Up-to-date symlink: /home/benjaminuc/Desktop/grupo9_ws/install/cmd_vel_mux/include/cmd_vel_mux/cmd_vel_mux.hpp
[0.154s] -- Up-to-date symlink: /home/benjaminuc/Desktop/grupo9_ws/install/cmd_vel_mux/share/cmd_vel_mux/config/cmd_vel_mux_params.yaml
[0.155s] -- Up-to-date symlink: /home/benjaminuc/Desktop/grupo9_ws/install/cmd_vel_mux/share/cmd_vel_mux/launch/cmd_vel_mux-composed-launch.py
[0.155s] -- Up-to-date symlink: /home/benjaminuc/Desktop/grupo9_ws/install/cmd_vel_mux/share/cmd_vel_mux/launch/cmd_vel_mux-launch.py
[0.155s] -- Up-to-date symlink: /home/benjaminuc/Desktop/grupo9_ws/install/cmd_vel_mux/share/ament_index/resource_index/package_run_dependencies/cmd_vel_mux
[0.156s] -- Up-to-date symlink: /home/benjaminuc/Desktop/grupo9_ws/install/cmd_vel_mux/share/ament_index/resource_index/parent_prefix_path/cmd_vel_mux
[0.156s] -- Up-to-date symlink: /home/benjaminuc/Desktop/grupo9_ws/install/cmd_vel_mux/share/cmd_vel_mux/environment/ament_prefix_path.sh
[0.156s] -- Up-to-date symlink: /home/benjaminuc/Desktop/grupo9_ws/install/cmd_vel_mux/share/cmd_vel_mux/environment/ament_prefix_path.dsv
[0.156s] -- Up-to-date symlink: /home/benjaminuc/Desktop/grupo9_ws/install/cmd_vel_mux/share/cmd_vel_mux/environment/path.sh
[0.156s] -- Up-to-date symlink: /home/benjaminuc/Desktop/grupo9_ws/install/cmd_vel_mux/share/cmd_vel_mux/environment/path.dsv
[0.156s] -- Up-to-date symlink: /home/benjaminuc/Desktop/grupo9_ws/install/cmd_vel_mux/share/cmd_vel_mux/local_setup.bash
[0.157s] -- Up-to-date symlink: /home/benjaminuc/Desktop/grupo9_ws/install/cmd_vel_mux/share/cmd_vel_mux/local_setup.sh
[0.157s] -- Up-to-date symlink: /home/benjaminuc/Desktop/grupo9_ws/install/cmd_vel_mux/share/cmd_vel_mux/local_setup.zsh
[0.157s] -- Up-to-date symlink: /home/benjaminuc/Desktop/grupo9_ws/install/cmd_vel_mux/share/cmd_vel_mux/local_setup.dsv
[0.157s] -- Symlinking: /home/benjaminuc/Desktop/grupo9_ws/install/cmd_vel_mux/share/cmd_vel_mux/package.dsv
[0.163s] -- Up-to-date symlink: /home/benjaminuc/Desktop/grupo9_ws/install/cmd_vel_mux/share/ament_index/resource_index/packages/cmd_vel_mux
[0.164s] -- Up-to-date symlink: /home/benjaminuc/Desktop/grupo9_ws/install/cmd_vel_mux/share/ament_index/resource_index/rclcpp_components/cmd_vel_mux
[0.164s] -- Up-to-date symlink: /home/benjaminuc/Desktop/grupo9_ws/install/cmd_vel_mux/share/cmd_vel_mux/cmake/cmd_vel_muxConfig.cmake
[0.164s] -- Up-to-date symlink: /home/benjaminuc/Desktop/grupo9_ws/install/cmd_vel_mux/share/cmd_vel_mux/cmake/cmd_vel_muxConfig-version.cmake
[0.164s] -- Up-to-date symlink: /home/benjaminuc/Desktop/grupo9_ws/install/cmd_vel_mux/share/cmd_vel_mux/package.xml
[0.166s] Invoked command in '/home/benjaminuc/Desktop/grupo9_ws/build/cmd_vel_mux' returned '0': CMAKE_PREFIX_PATH=${CMAKE_PREFIX_PATH}:/opt/ros/humble /usr/bin/cmake --install /home/benjaminuc/Desktop/grupo9_ws/build/cmd_vel_mux
