[0.016s] Invoking command in '/home/benjaminuc/Desktop/grupo9_ws/build/proyecto_grupo_9_2025': CMAKE_PREFIX_PATH=${CMAKE_PREFIX_PATH}:/opt/ros/humble /usr/bin/cmake /home/benjaminuc/Desktop/grupo9_ws/src/proyecto_grupo_9_2025 -DAMENT_CMAKE_SYMLINK_INSTALL=1 -DCMAKE_INSTALL_PREFIX=/home/benjaminuc/Desktop/grupo9_ws/install/proyecto_grupo_9_2025
[0.126s] -- The C compiler identification is GNU 11.4.0
[0.205s] -- The CXX compiler identification is GNU 11.4.0
[0.212s] -- Detecting C compiler ABI info
[0.259s] -- Detecting C compiler ABI info - done
[0.267s] -- Check for working C compiler: /usr/bin/cc - skipped
[0.268s] -- Detecting C compile features
[0.268s] -- Detecting C compile features - done
[0.272s] -- Detecting CXX compiler ABI info
[0.327s] -- Detecting CXX compiler ABI info - done
[0.332s] -- Check for working CXX compiler: /usr/bin/c++ - skipped
[0.332s] -- Detecting CXX compile features
[0.332s] -- Detecting CXX compile features - done
[0.334s] -- Found ament_cmake: 1.3.11 (/opt/ros/humble/share/ament_cmake/cmake)
[0.433s] -- Found Python3: /usr/bin/python3 (found version "3.10.12") found components: Interpreter 
[0.479s] -- Override CMake install command with custom implementation using symlinks instead of copying resources
[0.556s] -- Found ament_lint_auto: 0.12.12 (/opt/ros/humble/share/ament_lint_auto/cmake)
[0.608s] -- Added test 'flake8' to check Python code syntax and style conventions
[0.609s] -- Added test 'lint_cmake' to check CMake code style
[0.609s] -- Added test 'pep257' to check Python code against some of the docstring style conventions in PEP 257
[0.610s] -- Added test 'xmllint' to check XML markup files
[0.611s] -- Configuring done
[0.613s] -- Generating done
[0.614s] -- Build files have been written to: /home/benjaminuc/Desktop/grupo9_ws/build/proyecto_grupo_9_2025
[0.618s] Invoked command in '/home/benjaminuc/Desktop/grupo9_ws/build/proyecto_grupo_9_2025' returned '0': CMAKE_PREFIX_PATH=${CMAKE_PREFIX_PATH}:/opt/ros/humble /usr/bin/cmake /home/benjaminuc/Desktop/grupo9_ws/src/proyecto_grupo_9_2025 -DAMENT_CMAKE_SYMLINK_INSTALL=1 -DCMAKE_INSTALL_PREFIX=/home/benjaminuc/Desktop/grupo9_ws/install/proyecto_grupo_9_2025
[0.618s] Invoking command in '/home/benjaminuc/Desktop/grupo9_ws/build/proyecto_grupo_9_2025': CMAKE_PREFIX_PATH=${CMAKE_PREFIX_PATH}:/opt/ros/humble /usr/bin/cmake --build /home/benjaminuc/Desktop/grupo9_ws/build/proyecto_grupo_9_2025 -- -j12 -l12
[0.650s] Built target ament_cmake_python_symlink_proyecto_grupo_9_2025
[0.790s] running egg_info
[0.791s] creating proyecto_grupo_9_2025.egg-info
[0.791s] writing proyecto_grupo_9_2025.egg-info/PKG-INFO
[0.791s] writing dependency_links to proyecto_grupo_9_2025.egg-info/dependency_links.txt
[0.791s] writing top-level names to proyecto_grupo_9_2025.egg-info/top_level.txt
[0.791s] writing manifest file 'proyecto_grupo_9_2025.egg-info/SOURCES.txt'
[0.792s] reading manifest file 'proyecto_grupo_9_2025.egg-info/SOURCES.txt'
[0.793s] writing manifest file 'proyecto_grupo_9_2025.egg-info/SOURCES.txt'
[0.810s] Built target ament_cmake_python_build_proyecto_grupo_9_2025_egg
[0.817s] Invoked command in '/home/benjaminuc/Desktop/grupo9_ws/build/proyecto_grupo_9_2025' returned '0': CMAKE_PREFIX_PATH=${CMAKE_PREFIX_PATH}:/opt/ros/humble /usr/bin/cmake --build /home/benjaminuc/Desktop/grupo9_ws/build/proyecto_grupo_9_2025 -- -j12 -l12
[0.817s] Invoking command in '/home/benjaminuc/Desktop/grupo9_ws/build/proyecto_grupo_9_2025': CMAKE_PREFIX_PATH=${CMAKE_PREFIX_PATH}:/opt/ros/humble /usr/bin/cmake --install /home/benjaminuc/Desktop/grupo9_ws/build/proyecto_grupo_9_2025
[0.822s] -- Install configuration: ""
[0.823s] -- Execute custom install script
[0.823s] -- Symlinking: /home/benjaminuc/Desktop/grupo9_ws/install/proyecto_grupo_9_2025/share/proyecto_grupo_9_2025/environment/pythonpath.sh
[0.828s] -- Symlinking: /home/benjaminuc/Desktop/grupo9_ws/install/proyecto_grupo_9_2025/share/proyecto_grupo_9_2025/environment/pythonpath.dsv
[0.837s] -- Symlinking: /home/benjaminuc/Desktop/grupo9_ws/install/proyecto_grupo_9_2025/local/lib/python3.10/dist-packages/proyecto_grupo_9_2025-0.0.0-py3.10.egg-info/PKG-INFO
[0.845s] -- Symlinking: /home/benjaminuc/Desktop/grupo9_ws/install/proyecto_grupo_9_2025/local/lib/python3.10/dist-packages/proyecto_grupo_9_2025-0.0.0-py3.10.egg-info/SOURCES.txt
[0.850s] -- Symlinking: /home/benjaminuc/Desktop/grupo9_ws/install/proyecto_grupo_9_2025/local/lib/python3.10/dist-packages/proyecto_grupo_9_2025-0.0.0-py3.10.egg-info/dependency_links.txt
[0.855s] -- Symlinking: /home/benjaminuc/Desktop/grupo9_ws/install/proyecto_grupo_9_2025/local/lib/python3.10/dist-packages/proyecto_grupo_9_2025-0.0.0-py3.10.egg-info/top_level.txt
[0.860s] -- Symlinking: /home/benjaminuc/Desktop/grupo9_ws/install/proyecto_grupo_9_2025/local/lib/python3.10/dist-packages/proyecto_grupo_9_2025/__init__.py
[0.865s] -- Symlinking: /home/benjaminuc/Desktop/grupo9_ws/install/proyecto_grupo_9_2025/share/proyecto_grupo_9_2025/launch/launch_act1.xml
[0.870s] -- Symlinking: /home/benjaminuc/Desktop/grupo9_ws/install/proyecto_grupo_9_2025/share/proyecto_grupo_9_2025/mapa_bodega.yaml
[0.874s] -- Symlinking: /home/benjaminuc/Desktop/grupo9_ws/install/proyecto_grupo_9_2025/share/proyecto_grupo_9_2025/mapa_bodega.pgm
[0.879s] -- Symlinking: /home/benjaminuc/Desktop/grupo9_ws/install/proyecto_grupo_9_2025/share/ament_index/resource_index/package_run_dependencies/proyecto_grupo_9_2025
[0.884s] -- Symlinking: /home/benjaminuc/Desktop/grupo9_ws/install/proyecto_grupo_9_2025/share/ament_index/resource_index/parent_prefix_path/proyecto_grupo_9_2025
[0.888s] -- Symlinking: /home/benjaminuc/Desktop/grupo9_ws/install/proyecto_grupo_9_2025/share/proyecto_grupo_9_2025/environment/ament_prefix_path.sh
[0.893s] -- Symlinking: /home/benjaminuc/Desktop/grupo9_ws/install/proyecto_grupo_9_2025/share/proyecto_grupo_9_2025/environment/ament_prefix_path.dsv
[0.898s] -- Symlinking: /home/benjaminuc/Desktop/grupo9_ws/install/proyecto_grupo_9_2025/share/proyecto_grupo_9_2025/environment/path.sh
[0.902s] -- Symlinking: /home/benjaminuc/Desktop/grupo9_ws/install/proyecto_grupo_9_2025/share/proyecto_grupo_9_2025/environment/path.dsv
[0.907s] -- Symlinking: /home/benjaminuc/Desktop/grupo9_ws/install/proyecto_grupo_9_2025/share/proyecto_grupo_9_2025/local_setup.bash
[0.912s] -- Symlinking: /home/benjaminuc/Desktop/grupo9_ws/install/proyecto_grupo_9_2025/share/proyecto_grupo_9_2025/local_setup.sh
[0.917s] -- Symlinking: /home/benjaminuc/Desktop/grupo9_ws/install/proyecto_grupo_9_2025/share/proyecto_grupo_9_2025/local_setup.zsh
[0.922s] -- Symlinking: /home/benjaminuc/Desktop/grupo9_ws/install/proyecto_grupo_9_2025/share/proyecto_grupo_9_2025/local_setup.dsv
[0.927s] -- Symlinking: /home/benjaminuc/Desktop/grupo9_ws/install/proyecto_grupo_9_2025/share/proyecto_grupo_9_2025/package.dsv
[0.933s] -- Symlinking: /home/benjaminuc/Desktop/grupo9_ws/install/proyecto_grupo_9_2025/share/ament_index/resource_index/packages/proyecto_grupo_9_2025
[0.938s] -- Symlinking: /home/benjaminuc/Desktop/grupo9_ws/install/proyecto_grupo_9_2025/share/proyecto_grupo_9_2025/cmake/proyecto_grupo_9_2025Config.cmake
[0.943s] -- Symlinking: /home/benjaminuc/Desktop/grupo9_ws/install/proyecto_grupo_9_2025/share/proyecto_grupo_9_2025/cmake/proyecto_grupo_9_2025Config-version.cmake
[0.948s] -- Symlinking: /home/benjaminuc/Desktop/grupo9_ws/install/proyecto_grupo_9_2025/share/proyecto_grupo_9_2025/package.xml
[0.972s] Listing '/home/benjaminuc/Desktop/grupo9_ws/install/proyecto_grupo_9_2025/local/lib/python3.10/dist-packages/proyecto_grupo_9_2025'...
[0.972s] Compiling '/home/benjaminuc/Desktop/grupo9_ws/install/proyecto_grupo_9_2025/local/lib/python3.10/dist-packages/proyecto_grupo_9_2025/__init__.py'...
[0.976s] Invoked command in '/home/benjaminuc/Desktop/grupo9_ws/build/proyecto_grupo_9_2025' returned '0': CMAKE_PREFIX_PATH=${CMAKE_PREFIX_PATH}:/opt/ros/humble /usr/bin/cmake --install /home/benjaminuc/Desktop/grupo9_ws/build/proyecto_grupo_9_2025
