[0.026s] Invoking command in '/home/benjaminuc/Desktop/grupo9_ws/build/lab3_grupo9': CMAKE_PREFIX_PATH=${CMAKE_PREFIX_PATH}:/opt/ros/humble /usr/bin/cmake --build /home/benjaminuc/Desktop/grupo9_ws/build/lab3_grupo9 -- -j12 -l12
[0.058s] Invoked command in '/home/benjaminuc/Desktop/grupo9_ws/build/lab3_grupo9' returned '0': CMAKE_PREFIX_PATH=${CMAKE_PREFIX_PATH}:/opt/ros/humble /usr/bin/cmake --build /home/benjaminuc/Desktop/grupo9_ws/build/lab3_grupo9 -- -j12 -l12
[0.059s] Invoking command in '/home/benjaminuc/Desktop/grupo9_ws/build/lab3_grupo9': CMAKE_PREFIX_PATH=${CMAKE_PREFIX_PATH}:/opt/ros/humble /usr/bin/cmake --install /home/benjaminuc/Desktop/grupo9_ws/build/lab3_grupo9
[0.066s] -- Install configuration: ""
[0.067s] -- Execute custom install script
[0.067s] -- Up-to-date symlink: /home/benjaminuc/Desktop/grupo9_ws/install/lab3_grupo9/lib/lab3_grupo9/sensor_model.py
[0.067s] -- Up-to-date symlink: /home/benjaminuc/Desktop/grupo9_ws/install/lab3_grupo9/share/lab3_grupo9//launch/lab3_nav.xml
[0.067s] -- Up-to-date symlink: /home/benjaminuc/Desktop/grupo9_ws/install/lab3_grupo9/share/ament_index/resource_index/package_run_dependencies/lab3_grupo9
[0.067s] -- Up-to-date symlink: /home/benjaminuc/Desktop/grupo9_ws/install/lab3_grupo9/share/ament_index/resource_index/parent_prefix_path/lab3_grupo9
[0.068s] -- Up-to-date symlink: /home/benjaminuc/Desktop/grupo9_ws/install/lab3_grupo9/share/lab3_grupo9/environment/ament_prefix_path.sh
[0.068s] -- Up-to-date symlink: /home/benjaminuc/Desktop/grupo9_ws/install/lab3_grupo9/share/lab3_grupo9/environment/ament_prefix_path.dsv
[0.068s] -- Up-to-date symlink: /home/benjaminuc/Desktop/grupo9_ws/install/lab3_grupo9/share/lab3_grupo9/environment/path.sh
[0.068s] -- Up-to-date symlink: /home/benjaminuc/Desktop/grupo9_ws/install/lab3_grupo9/share/lab3_grupo9/environment/path.dsv
[0.068s] -- Up-to-date symlink: /home/benjaminuc/Desktop/grupo9_ws/install/lab3_grupo9/share/lab3_grupo9/local_setup.bash
[0.068s] -- Up-to-date symlink: /home/benjaminuc/Desktop/grupo9_ws/install/lab3_grupo9/share/lab3_grupo9/local_setup.sh
[0.068s] -- Up-to-date symlink: /home/benjaminuc/Desktop/grupo9_ws/install/lab3_grupo9/share/lab3_grupo9/local_setup.zsh
[0.068s] -- Up-to-date symlink: /home/benjaminuc/Desktop/grupo9_ws/install/lab3_grupo9/share/lab3_grupo9/local_setup.dsv
[0.068s] -- Symlinking: /home/benjaminuc/Desktop/grupo9_ws/install/lab3_grupo9/share/lab3_grupo9/package.dsv
[0.075s] -- Up-to-date symlink: /home/benjaminuc/Desktop/grupo9_ws/install/lab3_grupo9/share/ament_index/resource_index/packages/lab3_grupo9
[0.075s] -- Up-to-date symlink: /home/benjaminuc/Desktop/grupo9_ws/install/lab3_grupo9/share/lab3_grupo9/cmake/lab3_grupo9Config.cmake
[0.075s] -- Up-to-date symlink: /home/benjaminuc/Desktop/grupo9_ws/install/lab3_grupo9/share/lab3_grupo9/cmake/lab3_grupo9Config-version.cmake
[0.075s] -- Up-to-date symlink: /home/benjaminuc/Desktop/grupo9_ws/install/lab3_grupo9/share/lab3_grupo9/package.xml
[0.086s] Invoked command in '/home/benjaminuc/Desktop/grupo9_ws/build/lab3_grupo9' returned '0': CMAKE_PREFIX_PATH=${CMAKE_PREFIX_PATH}:/opt/ros/humble /usr/bin/cmake --install /home/benjaminuc/Desktop/grupo9_ws/build/lab3_grupo9
