[0.017s] Invoking command in '/home/benjaminuc/Desktop/grupo9_ws/build/proyecto_grupo_9_2025': CMAKE_PREFIX_PATH=${CMAKE_PREFIX_PATH}:/opt/ros/humble /usr/bin/cmake --build /home/benjaminuc/Desktop/grupo9_ws/build/proyecto_grupo_9_2025 -- -j12 -l12
[0.069s] Built target ament_cmake_python_symlink_proyecto_grupo_9_2025
[0.226s] running egg_info
[0.226s] writing proyecto_grupo_9_2025.egg-info/PKG-INFO
[0.226s] writing dependency_links to proyecto_grupo_9_2025.egg-info/dependency_links.txt
[0.226s] writing top-level names to proyecto_grupo_9_2025.egg-info/top_level.txt
[0.228s] reading manifest file 'proyecto_grupo_9_2025.egg-info/SOURCES.txt'
[0.229s] writing manifest file 'proyecto_grupo_9_2025.egg-info/SOURCES.txt'
[0.250s] Built target ament_cmake_python_build_proyecto_grupo_9_2025_egg
[0.257s] Invoked command in '/home/benjaminuc/Desktop/grupo9_ws/build/proyecto_grupo_9_2025' returned '0': CMAKE_PREFIX_PATH=${CMAKE_PREFIX_PATH}:/opt/ros/humble /usr/bin/cmake --build /home/benjaminuc/Desktop/grupo9_ws/build/proyecto_grupo_9_2025 -- -j12 -l12
[0.258s] Invoking command in '/home/benjaminuc/Desktop/grupo9_ws/build/proyecto_grupo_9_2025': CMAKE_PREFIX_PATH=${CMAKE_PREFIX_PATH}:/opt/ros/humble /usr/bin/cmake --install /home/benjaminuc/Desktop/grupo9_ws/build/proyecto_grupo_9_2025
[0.263s] -- Install configuration: ""
[0.263s] -- Execute custom install script
[0.263s] -- Up-to-date symlink: /home/benjaminuc/Desktop/grupo9_ws/install/proyecto_grupo_9_2025/share/proyecto_grupo_9_2025/environment/pythonpath.sh
[0.263s] -- Up-to-date symlink: /home/benjaminuc/Desktop/grupo9_ws/install/proyecto_grupo_9_2025/share/proyecto_grupo_9_2025/environment/pythonpath.dsv
[0.264s] -- Up-to-date symlink: /home/benjaminuc/Desktop/grupo9_ws/install/proyecto_grupo_9_2025/local/lib/python3.10/dist-packages/proyecto_grupo_9_2025-0.0.0-py3.10.egg-info/PKG-INFO
[0.264s] -- Up-to-date symlink: /home/benjaminuc/Desktop/grupo9_ws/install/proyecto_grupo_9_2025/local/lib/python3.10/dist-packages/proyecto_grupo_9_2025-0.0.0-py3.10.egg-info/SOURCES.txt
[0.264s] -- Up-to-date symlink: /home/benjaminuc/Desktop/grupo9_ws/install/proyecto_grupo_9_2025/local/lib/python3.10/dist-packages/proyecto_grupo_9_2025-0.0.0-py3.10.egg-info/dependency_links.txt
[0.264s] -- Up-to-date symlink: /home/benjaminuc/Desktop/grupo9_ws/install/proyecto_grupo_9_2025/local/lib/python3.10/dist-packages/proyecto_grupo_9_2025-0.0.0-py3.10.egg-info/top_level.txt
[0.265s] -- Up-to-date symlink: /home/benjaminuc/Desktop/grupo9_ws/install/proyecto_grupo_9_2025/local/lib/python3.10/dist-packages/proyecto_grupo_9_2025/__init__.py
[0.265s] -- Up-to-date symlink: /home/benjaminuc/Desktop/grupo9_ws/install/proyecto_grupo_9_2025/share/proyecto_grupo_9_2025/launch/launch_act1.xml
[0.265s] -- Up-to-date symlink: /home/benjaminuc/Desktop/grupo9_ws/install/proyecto_grupo_9_2025/share/proyecto_grupo_9_2025/mapa_bodega.yaml
[0.265s] -- Up-to-date symlink: /home/benjaminuc/Desktop/grupo9_ws/install/proyecto_grupo_9_2025/share/proyecto_grupo_9_2025/mapa_bodega.pgm
[0.265s] -- Up-to-date symlink: /home/benjaminuc/Desktop/grupo9_ws/install/proyecto_grupo_9_2025/share/ament_index/resource_index/package_run_dependencies/proyecto_grupo_9_2025
[0.265s] -- Up-to-date symlink: /home/benjaminuc/Desktop/grupo9_ws/install/proyecto_grupo_9_2025/share/ament_index/resource_index/parent_prefix_path/proyecto_grupo_9_2025
[0.265s] -- Up-to-date symlink: /home/benjaminuc/Desktop/grupo9_ws/install/proyecto_grupo_9_2025/share/proyecto_grupo_9_2025/environment/ament_prefix_path.sh
[0.265s] -- Up-to-date symlink: /home/benjaminuc/Desktop/grupo9_ws/install/proyecto_grupo_9_2025/share/proyecto_grupo_9_2025/environment/ament_prefix_path.dsv
[0.266s] -- Up-to-date symlink: /home/benjaminuc/Desktop/grupo9_ws/install/proyecto_grupo_9_2025/share/proyecto_grupo_9_2025/environment/path.sh
[0.266s] -- Up-to-date symlink: /home/benjaminuc/Desktop/grupo9_ws/install/proyecto_grupo_9_2025/share/proyecto_grupo_9_2025/environment/path.dsv
[0.266s] -- Up-to-date symlink: /home/benjaminuc/Desktop/grupo9_ws/install/proyecto_grupo_9_2025/share/proyecto_grupo_9_2025/local_setup.bash
[0.266s] -- Up-to-date symlink: /home/benjaminuc/Desktop/grupo9_ws/install/proyecto_grupo_9_2025/share/proyecto_grupo_9_2025/local_setup.sh
[0.266s] -- Up-to-date symlink: /home/benjaminuc/Desktop/grupo9_ws/install/proyecto_grupo_9_2025/share/proyecto_grupo_9_2025/local_setup.zsh
[0.266s] -- Up-to-date symlink: /home/benjaminuc/Desktop/grupo9_ws/install/proyecto_grupo_9_2025/share/proyecto_grupo_9_2025/local_setup.dsv
[0.266s] -- Symlinking: /home/benjaminuc/Desktop/grupo9_ws/install/proyecto_grupo_9_2025/share/proyecto_grupo_9_2025/package.dsv
[0.271s] -- Up-to-date symlink: /home/benjaminuc/Desktop/grupo9_ws/install/proyecto_grupo_9_2025/share/ament_index/resource_index/packages/proyecto_grupo_9_2025
[0.271s] -- Up-to-date symlink: /home/benjaminuc/Desktop/grupo9_ws/install/proyecto_grupo_9_2025/share/proyecto_grupo_9_2025/cmake/proyecto_grupo_9_2025Config.cmake
[0.271s] -- Up-to-date symlink: /home/benjaminuc/Desktop/grupo9_ws/install/proyecto_grupo_9_2025/share/proyecto_grupo_9_2025/cmake/proyecto_grupo_9_2025Config-version.cmake
[0.271s] -- Up-to-date symlink: /home/benjaminuc/Desktop/grupo9_ws/install/proyecto_grupo_9_2025/share/proyecto_grupo_9_2025/package.xml
[0.293s] Listing '/home/benjaminuc/Desktop/grupo9_ws/install/proyecto_grupo_9_2025/local/lib/python3.10/dist-packages/proyecto_grupo_9_2025'...
[0.298s] Invoked command in '/home/benjaminuc/Desktop/grupo9_ws/build/proyecto_grupo_9_2025' returned '0': CMAKE_PREFIX_PATH=${CMAKE_PREFIX_PATH}:/opt/ros/humble /usr/bin/cmake --install /home/benjaminuc/Desktop/grupo9_ws/build/proyecto_grupo_9_2025
