[0.089s] DEBUG:colcon:Command line arguments: ['/usr/bin/colcon', 'build', '--symlink-install']
[0.089s] DEBUG:colcon:Parsed command line arguments: Namespace(log_base=None, log_level=None, verb_name='build', build_base='build', install_base='install', merge_install=False, symlink_install=True, test_result_base=None, continue_on_error=False, executor='parallel', parallel_workers=12, event_handlers=None, ignore_user_meta=False, metas=['./colcon.meta'], base_paths=['.'], packages_ignore=None, packages_ignore_regex=None, paths=None, packages_up_to=None, packages_up_to_regex=None, packages_above=None, packages_above_and_dependencies=None, packages_above_depth=None, packages_select_by_dep=None, packages_skip_by_dep=None, packages_skip_up_to=None, packages_select_build_failed=False, packages_skip_build_finished=False, packages_select_test_failures=False, packages_skip_test_passed=False, packages_select=None, packages_skip=None, packages_select_regex=None, packages_skip_regex=None, packages_start=None, packages_end=None, allow_overriding=[], cmake_args=None, cmake_target=None, cmake_target_skip_unavailable=False, cmake_clean_cache=False, cmake_clean_first=False, cmake_force_configure=False, ament_cmake_args=None, catkin_cmake_args=None, catkin_skip_building_tests=False, mixin_files=None, mixin=None, verb_parser=<colcon_mixin.mixin.mixin_argument.MixinArgumentDecorator object at 0x79c1a7e59ba0>, verb_extension=<colcon_core.verb.build.BuildVerb object at 0x79c1a7e596f0>, main=<bound method BuildVerb.main of <colcon_core.verb.build.BuildVerb object at 0x79c1a7e596f0>>, mixin_verb=('build',))
[0.229s] Level 1:colcon.colcon_core.package_discovery:discover_packages(colcon_meta) check parameters
[0.229s] Level 1:colcon.colcon_core.package_discovery:discover_packages(recursive) check parameters
[0.229s] Level 1:colcon.colcon_core.package_discovery:discover_packages(ignore) check parameters
[0.229s] Level 1:colcon.colcon_core.package_discovery:discover_packages(path) check parameters
[0.229s] Level 1:colcon.colcon_core.package_discovery:discover_packages(colcon_meta) discover
[0.229s] Level 1:colcon.colcon_core.package_discovery:discover_packages(recursive) discover
[0.229s] INFO:colcon.colcon_core.package_discovery:Crawling recursively for packages in '/home/benjaminuc/Desktop/grupo9_ws'
[0.229s] Level 1:colcon.colcon_core.package_identification:_identify(.) by extensions ['ignore', 'ignore_ament_install']
[0.229s] Level 1:colcon.colcon_core.package_identification:_identify(.) by extension 'ignore'
[0.229s] Level 1:colcon.colcon_core.package_identification:_identify(.) by extension 'ignore_ament_install'
[0.229s] Level 1:colcon.colcon_core.package_identification:_identify(.) by extensions ['colcon_pkg']
[0.229s] Level 1:colcon.colcon_core.package_identification:_identify(.) by extension 'colcon_pkg'
[0.229s] Level 1:colcon.colcon_core.package_identification:_identify(.) by extensions ['colcon_meta']
[0.229s] Level 1:colcon.colcon_core.package_identification:_identify(.) by extension 'colcon_meta'
[0.229s] Level 1:colcon.colcon_core.package_identification:_identify(.) by extensions ['ros']
[0.229s] Level 1:colcon.colcon_core.package_identification:_identify(.) by extension 'ros'
[0.238s] Level 1:colcon.colcon_core.package_identification:_identify(.) by extensions ['cmake', 'python']
[0.238s] Level 1:colcon.colcon_core.package_identification:_identify(.) by extension 'cmake'
[0.238s] Level 1:colcon.colcon_core.package_identification:_identify(.) by extension 'python'
[0.238s] Level 1:colcon.colcon_core.package_identification:_identify(.) by extensions ['python_setup_py']
[0.238s] Level 1:colcon.colcon_core.package_identification:_identify(.) by extension 'python_setup_py'
[0.238s] Level 1:colcon.colcon_core.package_identification:_identify(build) by extensions ['ignore', 'ignore_ament_install']
[0.239s] Level 1:colcon.colcon_core.package_identification:_identify(build) by extension 'ignore'
[0.239s] Level 1:colcon.colcon_core.package_identification:_identify(build) ignored
[0.239s] Level 1:colcon.colcon_core.package_identification:_identify(install) by extensions ['ignore', 'ignore_ament_install']
[0.239s] Level 1:colcon.colcon_core.package_identification:_identify(install) by extension 'ignore'
[0.239s] Level 1:colcon.colcon_core.package_identification:_identify(install) ignored
[0.239s] Level 1:colcon.colcon_core.package_identification:_identify(log) by extensions ['ignore', 'ignore_ament_install']
[0.239s] Level 1:colcon.colcon_core.package_identification:_identify(log) by extension 'ignore'
[0.239s] Level 1:colcon.colcon_core.package_identification:_identify(log) ignored
[0.239s] Level 1:colcon.colcon_core.package_identification:_identify(src) by extensions ['ignore', 'ignore_ament_install']
[0.239s] Level 1:colcon.colcon_core.package_identification:_identify(src) by extension 'ignore'
[0.239s] Level 1:colcon.colcon_core.package_identification:_identify(src) by extension 'ignore_ament_install'
[0.239s] Level 1:colcon.colcon_core.package_identification:_identify(src) by extensions ['colcon_pkg']
[0.239s] Level 1:colcon.colcon_core.package_identification:_identify(src) by extension 'colcon_pkg'
[0.239s] Level 1:colcon.colcon_core.package_identification:_identify(src) by extensions ['colcon_meta']
[0.239s] Level 1:colcon.colcon_core.package_identification:_identify(src) by extension 'colcon_meta'
[0.239s] Level 1:colcon.colcon_core.package_identification:_identify(src) by extensions ['ros']
[0.239s] Level 1:colcon.colcon_core.package_identification:_identify(src) by extension 'ros'
[0.239s] Level 1:colcon.colcon_core.package_identification:_identify(src) by extensions ['cmake', 'python']
[0.239s] Level 1:colcon.colcon_core.package_identification:_identify(src) by extension 'cmake'
[0.239s] Level 1:colcon.colcon_core.package_identification:_identify(src) by extension 'python'
[0.239s] Level 1:colcon.colcon_core.package_identification:_identify(src) by extensions ['python_setup_py']
[0.239s] Level 1:colcon.colcon_core.package_identification:_identify(src) by extension 'python_setup_py'
[0.239s] Level 1:colcon.colcon_core.package_identification:_identify(src/cmd_vel_mux) by extensions ['ignore', 'ignore_ament_install']
[0.239s] Level 1:colcon.colcon_core.package_identification:_identify(src/cmd_vel_mux) by extension 'ignore'
[0.239s] Level 1:colcon.colcon_core.package_identification:_identify(src/cmd_vel_mux) by extension 'ignore_ament_install'
[0.239s] Level 1:colcon.colcon_core.package_identification:_identify(src/cmd_vel_mux) by extensions ['colcon_pkg']
[0.239s] Level 1:colcon.colcon_core.package_identification:_identify(src/cmd_vel_mux) by extension 'colcon_pkg'
[0.239s] Level 1:colcon.colcon_core.package_identification:_identify(src/cmd_vel_mux) by extensions ['colcon_meta']
[0.239s] Level 1:colcon.colcon_core.package_identification:_identify(src/cmd_vel_mux) by extension 'colcon_meta'
[0.239s] Level 1:colcon.colcon_core.package_identification:_identify(src/cmd_vel_mux) by extensions ['ros']
[0.239s] Level 1:colcon.colcon_core.package_identification:_identify(src/cmd_vel_mux) by extension 'ros'
[0.242s] DEBUG:colcon.colcon_core.package_identification:Package 'src/cmd_vel_mux' with type 'ros.ament_cmake' and name 'cmd_vel_mux'
[0.242s] Level 1:colcon.colcon_core.package_identification:_identify(src/lab1_grupo9) by extensions ['ignore', 'ignore_ament_install']
[0.242s] Level 1:colcon.colcon_core.package_identification:_identify(src/lab1_grupo9) by extension 'ignore'
[0.242s] Level 1:colcon.colcon_core.package_identification:_identify(src/lab1_grupo9) by extension 'ignore_ament_install'
[0.242s] Level 1:colcon.colcon_core.package_identification:_identify(src/lab1_grupo9) by extensions ['colcon_pkg']
[0.242s] Level 1:colcon.colcon_core.package_identification:_identify(src/lab1_grupo9) by extension 'colcon_pkg'
[0.242s] Level 1:colcon.colcon_core.package_identification:_identify(src/lab1_grupo9) by extensions ['colcon_meta']
[0.242s] Level 1:colcon.colcon_core.package_identification:_identify(src/lab1_grupo9) by extension 'colcon_meta'
[0.242s] Level 1:colcon.colcon_core.package_identification:_identify(src/lab1_grupo9) by extensions ['ros']
[0.242s] Level 1:colcon.colcon_core.package_identification:_identify(src/lab1_grupo9) by extension 'ros'
[0.242s] DEBUG:colcon.colcon_core.package_identification:Package 'src/lab1_grupo9' with type 'ros.ament_cmake' and name 'lab1_grupo9'
[0.242s] Level 1:colcon.colcon_core.package_identification:_identify(src/lab2_grupo9) by extensions ['ignore', 'ignore_ament_install']
[0.242s] Level 1:colcon.colcon_core.package_identification:_identify(src/lab2_grupo9) by extension 'ignore'
[0.242s] Level 1:colcon.colcon_core.package_identification:_identify(src/lab2_grupo9) by extension 'ignore_ament_install'
[0.242s] Level 1:colcon.colcon_core.package_identification:_identify(src/lab2_grupo9) by extensions ['colcon_pkg']
[0.242s] Level 1:colcon.colcon_core.package_identification:_identify(src/lab2_grupo9) by extension 'colcon_pkg'
[0.243s] Level 1:colcon.colcon_core.package_identification:_identify(src/lab2_grupo9) by extensions ['colcon_meta']
[0.243s] Level 1:colcon.colcon_core.package_identification:_identify(src/lab2_grupo9) by extension 'colcon_meta'
[0.243s] Level 1:colcon.colcon_core.package_identification:_identify(src/lab2_grupo9) by extensions ['ros']
[0.243s] Level 1:colcon.colcon_core.package_identification:_identify(src/lab2_grupo9) by extension 'ros'
[0.243s] DEBUG:colcon.colcon_core.package_identification:Package 'src/lab2_grupo9' with type 'ros.ament_cmake' and name 'lab2_grupo9'
[0.243s] Level 1:colcon.colcon_core.package_identification:_identify(src/lab3_grupo9) by extensions ['ignore', 'ignore_ament_install']
[0.243s] Level 1:colcon.colcon_core.package_identification:_identify(src/lab3_grupo9) by extension 'ignore'
[0.243s] Level 1:colcon.colcon_core.package_identification:_identify(src/lab3_grupo9) by extension 'ignore_ament_install'
[0.243s] Level 1:colcon.colcon_core.package_identification:_identify(src/lab3_grupo9) by extensions ['colcon_pkg']
[0.243s] Level 1:colcon.colcon_core.package_identification:_identify(src/lab3_grupo9) by extension 'colcon_pkg'
[0.243s] Level 1:colcon.colcon_core.package_identification:_identify(src/lab3_grupo9) by extensions ['colcon_meta']
[0.243s] Level 1:colcon.colcon_core.package_identification:_identify(src/lab3_grupo9) by extension 'colcon_meta'
[0.243s] Level 1:colcon.colcon_core.package_identification:_identify(src/lab3_grupo9) by extensions ['ros']
[0.243s] Level 1:colcon.colcon_core.package_identification:_identify(src/lab3_grupo9) by extension 'ros'
[0.244s] DEBUG:colcon.colcon_core.package_identification:Package 'src/lab3_grupo9' with type 'ros.ament_cmake' and name 'lab3_grupo9'
[0.244s] Level 1:colcon.colcon_core.package_identification:_identify(src/very_simple_robot_simulator) by extensions ['ignore', 'ignore_ament_install']
[0.244s] Level 1:colcon.colcon_core.package_identification:_identify(src/very_simple_robot_simulator) by extension 'ignore'
[0.244s] Level 1:colcon.colcon_core.package_identification:_identify(src/very_simple_robot_simulator) by extension 'ignore_ament_install'
[0.244s] Level 1:colcon.colcon_core.package_identification:_identify(src/very_simple_robot_simulator) by extensions ['colcon_pkg']
[0.244s] Level 1:colcon.colcon_core.package_identification:_identify(src/very_simple_robot_simulator) by extension 'colcon_pkg'
[0.244s] Level 1:colcon.colcon_core.package_identification:_identify(src/very_simple_robot_simulator) by extensions ['colcon_meta']
[0.244s] Level 1:colcon.colcon_core.package_identification:_identify(src/very_simple_robot_simulator) by extension 'colcon_meta'
[0.244s] Level 1:colcon.colcon_core.package_identification:_identify(src/very_simple_robot_simulator) by extensions ['ros']
[0.244s] Level 1:colcon.colcon_core.package_identification:_identify(src/very_simple_robot_simulator) by extension 'ros'
[0.244s] DEBUG:colcon.colcon_core.package_identification:Package 'src/very_simple_robot_simulator' with type 'ros.ament_cmake' and name 'very_simple_robot_simulator'
[0.244s] Level 1:colcon.colcon_core.package_discovery:discover_packages(recursive) using defaults
[0.244s] Level 1:colcon.colcon_core.package_discovery:discover_packages(ignore) discover
[0.244s] Level 1:colcon.colcon_core.package_discovery:discover_packages(ignore) using defaults
[0.244s] Level 1:colcon.colcon_core.package_discovery:discover_packages(path) discover
[0.244s] Level 1:colcon.colcon_core.package_discovery:discover_packages(path) using defaults
[0.268s] Level 1:colcon.colcon_core.package_discovery:discover_packages(prefix_path) check parameters
[0.268s] Level 1:colcon.colcon_core.package_discovery:discover_packages(prefix_path) discover
[0.269s] DEBUG:colcon.colcon_installed_package_information.package_discovery:Found 5 installed packages in /home/benjaminuc/Desktop/grupo9_ws/install
[0.270s] DEBUG:colcon.colcon_installed_package_information.package_discovery:Found 275 installed packages in /opt/ros/humble
[0.271s] Level 1:colcon.colcon_core.package_discovery:discover_packages(prefix_path) using defaults
[0.294s] Level 5:colcon.colcon_core.verb:set package 'cmd_vel_mux' build argument 'cmake_args' from command line to 'None'
[0.294s] Level 5:colcon.colcon_core.verb:set package 'cmd_vel_mux' build argument 'cmake_target' from command line to 'None'
[0.294s] Level 5:colcon.colcon_core.verb:set package 'cmd_vel_mux' build argument 'cmake_target_skip_unavailable' from command line to 'False'
[0.294s] Level 5:colcon.colcon_core.verb:set package 'cmd_vel_mux' build argument 'cmake_clean_cache' from command line to 'False'
[0.294s] Level 5:colcon.colcon_core.verb:set package 'cmd_vel_mux' build argument 'cmake_clean_first' from command line to 'False'
[0.294s] Level 5:colcon.colcon_core.verb:set package 'cmd_vel_mux' build argument 'cmake_force_configure' from command line to 'False'
[0.294s] Level 5:colcon.colcon_core.verb:set package 'cmd_vel_mux' build argument 'ament_cmake_args' from command line to 'None'
[0.294s] Level 5:colcon.colcon_core.verb:set package 'cmd_vel_mux' build argument 'catkin_cmake_args' from command line to 'None'
[0.294s] Level 5:colcon.colcon_core.verb:set package 'cmd_vel_mux' build argument 'catkin_skip_building_tests' from command line to 'False'
[0.294s] DEBUG:colcon.colcon_core.verb:Building package 'cmd_vel_mux' with the following arguments: {'ament_cmake_args': None, 'build_base': '/home/benjaminuc/Desktop/grupo9_ws/build/cmd_vel_mux', 'catkin_cmake_args': None, 'catkin_skip_building_tests': False, 'cmake_args': None, 'cmake_clean_cache': False, 'cmake_clean_first': False, 'cmake_force_configure': False, 'cmake_target': None, 'cmake_target_skip_unavailable': False, 'install_base': '/home/benjaminuc/Desktop/grupo9_ws/install/cmd_vel_mux', 'merge_install': False, 'path': '/home/benjaminuc/Desktop/grupo9_ws/src/cmd_vel_mux', 'symlink_install': True, 'test_result_base': None}
[0.294s] Level 5:colcon.colcon_core.verb:set package 'lab1_grupo9' build argument 'cmake_args' from command line to 'None'
[0.294s] Level 5:colcon.colcon_core.verb:set package 'lab1_grupo9' build argument 'cmake_target' from command line to 'None'
[0.294s] Level 5:colcon.colcon_core.verb:set package 'lab1_grupo9' build argument 'cmake_target_skip_unavailable' from command line to 'False'
[0.294s] Level 5:colcon.colcon_core.verb:set package 'lab1_grupo9' build argument 'cmake_clean_cache' from command line to 'False'
[0.294s] Level 5:colcon.colcon_core.verb:set package 'lab1_grupo9' build argument 'cmake_clean_first' from command line to 'False'
[0.294s] Level 5:colcon.colcon_core.verb:set package 'lab1_grupo9' build argument 'cmake_force_configure' from command line to 'False'
[0.294s] Level 5:colcon.colcon_core.verb:set package 'lab1_grupo9' build argument 'ament_cmake_args' from command line to 'None'
[0.294s] Level 5:colcon.colcon_core.verb:set package 'lab1_grupo9' build argument 'catkin_cmake_args' from command line to 'None'
[0.294s] Level 5:colcon.colcon_core.verb:set package 'lab1_grupo9' build argument 'catkin_skip_building_tests' from command line to 'False'
[0.294s] DEBUG:colcon.colcon_core.verb:Building package 'lab1_grupo9' with the following arguments: {'ament_cmake_args': None, 'build_base': '/home/benjaminuc/Desktop/grupo9_ws/build/lab1_grupo9', 'catkin_cmake_args': None, 'catkin_skip_building_tests': False, 'cmake_args': None, 'cmake_clean_cache': False, 'cmake_clean_first': False, 'cmake_force_configure': False, 'cmake_target': None, 'cmake_target_skip_unavailable': False, 'install_base': '/home/benjaminuc/Desktop/grupo9_ws/install/lab1_grupo9', 'merge_install': False, 'path': '/home/benjaminuc/Desktop/grupo9_ws/src/lab1_grupo9', 'symlink_install': True, 'test_result_base': None}
[0.294s] Level 5:colcon.colcon_core.verb:set package 'lab2_grupo9' build argument 'cmake_args' from command line to 'None'
[0.294s] Level 5:colcon.colcon_core.verb:set package 'lab2_grupo9' build argument 'cmake_target' from command line to 'None'
[0.294s] Level 5:colcon.colcon_core.verb:set package 'lab2_grupo9' build argument 'cmake_target_skip_unavailable' from command line to 'False'
[0.294s] Level 5:colcon.colcon_core.verb:set package 'lab2_grupo9' build argument 'cmake_clean_cache' from command line to 'False'
[0.294s] Level 5:colcon.colcon_core.verb:set package 'lab2_grupo9' build argument 'cmake_clean_first' from command line to 'False'
[0.294s] Level 5:colcon.colcon_core.verb:set package 'lab2_grupo9' build argument 'cmake_force_configure' from command line to 'False'
[0.294s] Level 5:colcon.colcon_core.verb:set package 'lab2_grupo9' build argument 'ament_cmake_args' from command line to 'None'
[0.295s] Level 5:colcon.colcon_core.verb:set package 'lab2_grupo9' build argument 'catkin_cmake_args' from command line to 'None'
[0.295s] Level 5:colcon.colcon_core.verb:set package 'lab2_grupo9' build argument 'catkin_skip_building_tests' from command line to 'False'
[0.295s] DEBUG:colcon.colcon_core.verb:Building package 'lab2_grupo9' with the following arguments: {'ament_cmake_args': None, 'build_base': '/home/benjaminuc/Desktop/grupo9_ws/build/lab2_grupo9', 'catkin_cmake_args': None, 'catkin_skip_building_tests': False, 'cmake_args': None, 'cmake_clean_cache': False, 'cmake_clean_first': False, 'cmake_force_configure': False, 'cmake_target': None, 'cmake_target_skip_unavailable': False, 'install_base': '/home/benjaminuc/Desktop/grupo9_ws/install/lab2_grupo9', 'merge_install': False, 'path': '/home/benjaminuc/Desktop/grupo9_ws/src/lab2_grupo9', 'symlink_install': True, 'test_result_base': None}
[0.295s] Level 5:colcon.colcon_core.verb:set package 'lab3_grupo9' build argument 'cmake_args' from command line to 'None'
[0.295s] Level 5:colcon.colcon_core.verb:set package 'lab3_grupo9' build argument 'cmake_target' from command line to 'None'
[0.295s] Level 5:colcon.colcon_core.verb:set package 'lab3_grupo9' build argument 'cmake_target_skip_unavailable' from command line to 'False'
[0.295s] Level 5:colcon.colcon_core.verb:set package 'lab3_grupo9' build argument 'cmake_clean_cache' from command line to 'False'
[0.295s] Level 5:colcon.colcon_core.verb:set package 'lab3_grupo9' build argument 'cmake_clean_first' from command line to 'False'
[0.295s] Level 5:colcon.colcon_core.verb:set package 'lab3_grupo9' build argument 'cmake_force_configure' from command line to 'False'
[0.295s] Level 5:colcon.colcon_core.verb:set package 'lab3_grupo9' build argument 'ament_cmake_args' from command line to 'None'
[0.295s] Level 5:colcon.colcon_core.verb:set package 'lab3_grupo9' build argument 'catkin_cmake_args' from command line to 'None'
[0.295s] Level 5:colcon.colcon_core.verb:set package 'lab3_grupo9' build argument 'catkin_skip_building_tests' from command line to 'False'
[0.295s] DEBUG:colcon.colcon_core.verb:Building package 'lab3_grupo9' with the following arguments: {'ament_cmake_args': None, 'build_base': '/home/benjaminuc/Desktop/grupo9_ws/build/lab3_grupo9', 'catkin_cmake_args': None, 'catkin_skip_building_tests': False, 'cmake_args': None, 'cmake_clean_cache': False, 'cmake_clean_first': False, 'cmake_force_configure': False, 'cmake_target': None, 'cmake_target_skip_unavailable': False, 'install_base': '/home/benjaminuc/Desktop/grupo9_ws/install/lab3_grupo9', 'merge_install': False, 'path': '/home/benjaminuc/Desktop/grupo9_ws/src/lab3_grupo9', 'symlink_install': True, 'test_result_base': None}
[0.295s] Level 5:colcon.colcon_core.verb:set package 'very_simple_robot_simulator' build argument 'cmake_args' from command line to 'None'
[0.295s] Level 5:colcon.colcon_core.verb:set package 'very_simple_robot_simulator' build argument 'cmake_target' from command line to 'None'
[0.295s] Level 5:colcon.colcon_core.verb:set package 'very_simple_robot_simulator' build argument 'cmake_target_skip_unavailable' from command line to 'False'
[0.295s] Level 5:colcon.colcon_core.verb:set package 'very_simple_robot_simulator' build argument 'cmake_clean_cache' from command line to 'False'
[0.295s] Level 5:colcon.colcon_core.verb:set package 'very_simple_robot_simulator' build argument 'cmake_clean_first' from command line to 'False'
[0.295s] Level 5:colcon.colcon_core.verb:set package 'very_simple_robot_simulator' build argument 'cmake_force_configure' from command line to 'False'
[0.295s] Level 5:colcon.colcon_core.verb:set package 'very_simple_robot_simulator' build argument 'ament_cmake_args' from command line to 'None'
[0.295s] Level 5:colcon.colcon_core.verb:set package 'very_simple_robot_simulator' build argument 'catkin_cmake_args' from command line to 'None'
[0.295s] Level 5:colcon.colcon_core.verb:set package 'very_simple_robot_simulator' build argument 'catkin_skip_building_tests' from command line to 'False'
[0.295s] DEBUG:colcon.colcon_core.verb:Building package 'very_simple_robot_simulator' with the following arguments: {'ament_cmake_args': None, 'build_base': '/home/benjaminuc/Desktop/grupo9_ws/build/very_simple_robot_simulator', 'catkin_cmake_args': None, 'catkin_skip_building_tests': False, 'cmake_args': None, 'cmake_clean_cache': False, 'cmake_clean_first': False, 'cmake_force_configure': False, 'cmake_target': None, 'cmake_target_skip_unavailable': False, 'install_base': '/home/benjaminuc/Desktop/grupo9_ws/install/very_simple_robot_simulator', 'merge_install': False, 'path': '/home/benjaminuc/Desktop/grupo9_ws/src/very_simple_robot_simulator', 'symlink_install': True, 'test_result_base': None}
[0.295s] INFO:colcon.colcon_core.executor:Executing jobs using 'parallel' executor
[0.296s] DEBUG:colcon.colcon_parallel_executor.executor.parallel:run_until_complete
[0.296s] INFO:colcon.colcon_ros.task.ament_cmake.build:Building ROS package in '/home/benjaminuc/Desktop/grupo9_ws/src/cmd_vel_mux' with build type 'ament_cmake'
[0.296s] INFO:colcon.colcon_cmake.task.cmake.build:Building CMake package in '/home/benjaminuc/Desktop/grupo9_ws/src/cmd_vel_mux'
[0.298s] INFO:colcon.colcon_core.plugin_system:Skipping extension 'colcon_core.shell.bat': Not used on non-Windows systems
[0.298s] INFO:colcon.colcon_core.shell:Skip shell extension 'powershell' for command environment: Not usable outside of PowerShell
[0.298s] DEBUG:colcon.colcon_core.shell:Skip shell extension 'dsv' for command environment
[0.301s] INFO:colcon.colcon_ros.task.ament_cmake.build:Building ROS package in '/home/benjaminuc/Desktop/grupo9_ws/src/lab1_grupo9' with build type 'ament_cmake'
[0.301s] INFO:colcon.colcon_cmake.task.cmake.build:Building CMake package in '/home/benjaminuc/Desktop/grupo9_ws/src/lab1_grupo9'
[0.301s] INFO:colcon.colcon_core.shell:Skip shell extension 'powershell' for command environment: Not usable outside of PowerShell
[0.301s] DEBUG:colcon.colcon_core.shell:Skip shell extension 'dsv' for command environment
[0.303s] INFO:colcon.colcon_ros.task.ament_cmake.build:Building ROS package in '/home/benjaminuc/Desktop/grupo9_ws/src/lab2_grupo9' with build type 'ament_cmake'
[0.303s] INFO:colcon.colcon_cmake.task.cmake.build:Building CMake package in '/home/benjaminuc/Desktop/grupo9_ws/src/lab2_grupo9'
[0.303s] INFO:colcon.colcon_core.shell:Skip shell extension 'powershell' for command environment: Not usable outside of PowerShell
[0.303s] DEBUG:colcon.colcon_core.shell:Skip shell extension 'dsv' for command environment
[0.305s] INFO:colcon.colcon_ros.task.ament_cmake.build:Building ROS package in '/home/benjaminuc/Desktop/grupo9_ws/src/lab3_grupo9' with build type 'ament_cmake'
[0.305s] INFO:colcon.colcon_cmake.task.cmake.build:Building CMake package in '/home/benjaminuc/Desktop/grupo9_ws/src/lab3_grupo9'
[0.305s] INFO:colcon.colcon_core.shell:Skip shell extension 'powershell' for command environment: Not usable outside of PowerShell
[0.305s] DEBUG:colcon.colcon_core.shell:Skip shell extension 'dsv' for command environment
[0.307s] INFO:colcon.colcon_ros.task.ament_cmake.build:Building ROS package in '/home/benjaminuc/Desktop/grupo9_ws/src/very_simple_robot_simulator' with build type 'ament_cmake'
[0.307s] INFO:colcon.colcon_cmake.task.cmake.build:Building CMake package in '/home/benjaminuc/Desktop/grupo9_ws/src/very_simple_robot_simulator'
[0.307s] INFO:colcon.colcon_core.shell:Skip shell extension 'powershell' for command environment: Not usable outside of PowerShell
[0.307s] DEBUG:colcon.colcon_core.shell:Skip shell extension 'dsv' for command environment
[0.312s] DEBUG:colcon.colcon_core.event_handler.log_command:Invoking command in '/home/benjaminuc/Desktop/grupo9_ws/build/cmd_vel_mux': CMAKE_PREFIX_PATH=${CMAKE_PREFIX_PATH}:/opt/ros/humble /usr/bin/cmake --build /home/benjaminuc/Desktop/grupo9_ws/build/cmd_vel_mux -- -j12 -l12
[0.314s] DEBUG:colcon.colcon_core.event_handler.log_command:Invoking command in '/home/benjaminuc/Desktop/grupo9_ws/build/lab1_grupo9': CMAKE_PREFIX_PATH=${CMAKE_PREFIX_PATH}:/opt/ros/humble /usr/bin/cmake --build /home/benjaminuc/Desktop/grupo9_ws/build/lab1_grupo9 -- -j12 -l12
[0.316s] DEBUG:colcon.colcon_core.event_handler.log_command:Invoking command in '/home/benjaminuc/Desktop/grupo9_ws/build/lab2_grupo9': CMAKE_PREFIX_PATH=${CMAKE_PREFIX_PATH}:/opt/ros/humble /usr/bin/cmake --build /home/benjaminuc/Desktop/grupo9_ws/build/lab2_grupo9 -- -j12 -l12
[0.319s] DEBUG:colcon.colcon_core.event_handler.log_command:Invoking command in '/home/benjaminuc/Desktop/grupo9_ws/build/lab3_grupo9': CMAKE_PREFIX_PATH=${CMAKE_PREFIX_PATH}:/opt/ros/humble /usr/bin/cmake --build /home/benjaminuc/Desktop/grupo9_ws/build/lab3_grupo9 -- -j12 -l12
[0.321s] DEBUG:colcon.colcon_core.event_handler.log_command:Invoking command in '/home/benjaminuc/Desktop/grupo9_ws/build/very_simple_robot_simulator': CMAKE_PREFIX_PATH=${CMAKE_PREFIX_PATH}:/opt/ros/humble /usr/bin/cmake --build /home/benjaminuc/Desktop/grupo9_ws/build/very_simple_robot_simulator -- -j12 -l12
[0.360s] DEBUG:colcon.colcon_core.event_handler.log_command:Invoked command in '/home/benjaminuc/Desktop/grupo9_ws/build/lab1_grupo9' returned '0': CMAKE_PREFIX_PATH=${CMAKE_PREFIX_PATH}:/opt/ros/humble /usr/bin/cmake --build /home/benjaminuc/Desktop/grupo9_ws/build/lab1_grupo9 -- -j12 -l12
[0.367s] DEBUG:colcon.colcon_core.event_handler.log_command:Invoking command in '/home/benjaminuc/Desktop/grupo9_ws/build/lab1_grupo9': CMAKE_PREFIX_PATH=${CMAKE_PREFIX_PATH}:/opt/ros/humble /usr/bin/cmake --install /home/benjaminuc/Desktop/grupo9_ws/build/lab1_grupo9
[0.367s] DEBUG:colcon.colcon_core.event_handler.log_command:Invoked command in '/home/benjaminuc/Desktop/grupo9_ws/build/lab2_grupo9' returned '0': CMAKE_PREFIX_PATH=${CMAKE_PREFIX_PATH}:/opt/ros/humble /usr/bin/cmake --build /home/benjaminuc/Desktop/grupo9_ws/build/lab2_grupo9 -- -j12 -l12
[0.370s] DEBUG:colcon.colcon_core.event_handler.log_command:Invoking command in '/home/benjaminuc/Desktop/grupo9_ws/build/lab2_grupo9': CMAKE_PREFIX_PATH=${CMAKE_PREFIX_PATH}:/opt/ros/humble /usr/bin/cmake --install /home/benjaminuc/Desktop/grupo9_ws/build/lab2_grupo9
[0.385s] Level 1:colcon.colcon_core.environment:create_environment_scripts_only(lab1_grupo9)
[0.385s] DEBUG:colcon.colcon_core.event_handler.log_command:Invoked command in '/home/benjaminuc/Desktop/grupo9_ws/build/lab1_grupo9' returned '0': CMAKE_PREFIX_PATH=${CMAKE_PREFIX_PATH}:/opt/ros/humble /usr/bin/cmake --install /home/benjaminuc/Desktop/grupo9_ws/build/lab1_grupo9
[0.389s] Level 1:colcon.colcon_core.environment:checking '/home/benjaminuc/Desktop/grupo9_ws/install/lab1_grupo9' for CMake module files
[0.390s] Level 1:colcon.colcon_core.environment:checking '/home/benjaminuc/Desktop/grupo9_ws/install/lab1_grupo9' for CMake config files
[0.390s] Level 1:colcon.colcon_core.shell:create_environment_hook('lab1_grupo9', 'cmake_prefix_path')
[0.390s] INFO:colcon.colcon_core.shell:Creating environment hook '/home/benjaminuc/Desktop/grupo9_ws/install/lab1_grupo9/share/lab1_grupo9/hook/cmake_prefix_path.ps1'
[0.391s] INFO:colcon.colcon_core.shell:Creating environment descriptor '/home/benjaminuc/Desktop/grupo9_ws/install/lab1_grupo9/share/lab1_grupo9/hook/cmake_prefix_path.dsv'
[0.391s] INFO:colcon.colcon_core.shell:Creating environment hook '/home/benjaminuc/Desktop/grupo9_ws/install/lab1_grupo9/share/lab1_grupo9/hook/cmake_prefix_path.sh'
[0.392s] Level 1:colcon.colcon_core.environment:checking '/home/benjaminuc/Desktop/grupo9_ws/install/lab1_grupo9/lib'
[0.392s] Level 1:colcon.colcon_core.environment:checking '/home/benjaminuc/Desktop/grupo9_ws/install/lab1_grupo9/bin'
[0.392s] Level 1:colcon.colcon_core.environment:checking '/home/benjaminuc/Desktop/grupo9_ws/install/lab1_grupo9/lib/pkgconfig/lab1_grupo9.pc'
[0.392s] Level 1:colcon.colcon_core.environment:checking '/home/benjaminuc/Desktop/grupo9_ws/install/lab1_grupo9/lib/python3.10/site-packages'
[0.392s] Level 1:colcon.colcon_core.environment:checking '/home/benjaminuc/Desktop/grupo9_ws/install/lab1_grupo9/bin'
[0.392s] INFO:colcon.colcon_core.shell:Creating package script '/home/benjaminuc/Desktop/grupo9_ws/install/lab1_grupo9/share/lab1_grupo9/package.ps1'
[0.393s] INFO:colcon.colcon_core.shell:Creating package descriptor '/home/benjaminuc/Desktop/grupo9_ws/install/lab1_grupo9/share/lab1_grupo9/package.dsv'
[0.394s] INFO:colcon.colcon_core.shell:Creating package script '/home/benjaminuc/Desktop/grupo9_ws/install/lab1_grupo9/share/lab1_grupo9/package.sh'
[0.394s] INFO:colcon.colcon_core.shell:Creating package script '/home/benjaminuc/Desktop/grupo9_ws/install/lab1_grupo9/share/lab1_grupo9/package.bash'
[0.395s] INFO:colcon.colcon_core.shell:Creating package script '/home/benjaminuc/Desktop/grupo9_ws/install/lab1_grupo9/share/lab1_grupo9/package.zsh'
[0.395s] Level 1:colcon.colcon_core.environment:create_file_with_runtime_dependencies(/home/benjaminuc/Desktop/grupo9_ws/install/lab1_grupo9/share/colcon-core/packages/lab1_grupo9)
[0.396s] Level 1:colcon.colcon_core.environment:create_environment_scripts_only(lab1_grupo9)
[0.396s] Level 1:colcon.colcon_core.environment:checking '/home/benjaminuc/Desktop/grupo9_ws/install/lab1_grupo9' for CMake module files
[0.396s] Level 1:colcon.colcon_core.environment:checking '/home/benjaminuc/Desktop/grupo9_ws/install/lab1_grupo9' for CMake config files
[0.397s] Level 1:colcon.colcon_core.shell:create_environment_hook('lab1_grupo9', 'cmake_prefix_path')
[0.397s] INFO:colcon.colcon_core.shell:Creating environment hook '/home/benjaminuc/Desktop/grupo9_ws/install/lab1_grupo9/share/lab1_grupo9/hook/cmake_prefix_path.ps1'
[0.397s] INFO:colcon.colcon_core.shell:Creating environment descriptor '/home/benjaminuc/Desktop/grupo9_ws/install/lab1_grupo9/share/lab1_grupo9/hook/cmake_prefix_path.dsv'
[0.397s] INFO:colcon.colcon_core.shell:Creating environment hook '/home/benjaminuc/Desktop/grupo9_ws/install/lab1_grupo9/share/lab1_grupo9/hook/cmake_prefix_path.sh'
[0.398s] Level 1:colcon.colcon_core.environment:checking '/home/benjaminuc/Desktop/grupo9_ws/install/lab1_grupo9/lib'
[0.398s] Level 1:colcon.colcon_core.environment:checking '/home/benjaminuc/Desktop/grupo9_ws/install/lab1_grupo9/bin'
[0.398s] Level 1:colcon.colcon_core.environment:checking '/home/benjaminuc/Desktop/grupo9_ws/install/lab1_grupo9/lib/pkgconfig/lab1_grupo9.pc'
[0.398s] Level 1:colcon.colcon_core.environment:checking '/home/benjaminuc/Desktop/grupo9_ws/install/lab1_grupo9/lib/python3.10/site-packages'
[0.398s] Level 1:colcon.colcon_core.environment:checking '/home/benjaminuc/Desktop/grupo9_ws/install/lab1_grupo9/bin'
[0.398s] INFO:colcon.colcon_core.shell:Creating package script '/home/benjaminuc/Desktop/grupo9_ws/install/lab1_grupo9/share/lab1_grupo9/package.ps1'
[0.398s] INFO:colcon.colcon_core.shell:Creating package descriptor '/home/benjaminuc/Desktop/grupo9_ws/install/lab1_grupo9/share/lab1_grupo9/package.dsv'
[0.399s] INFO:colcon.colcon_core.shell:Creating package script '/home/benjaminuc/Desktop/grupo9_ws/install/lab1_grupo9/share/lab1_grupo9/package.sh'
[0.399s] INFO:colcon.colcon_core.shell:Creating package script '/home/benjaminuc/Desktop/grupo9_ws/install/lab1_grupo9/share/lab1_grupo9/package.bash'
[0.399s] INFO:colcon.colcon_core.shell:Creating package script '/home/benjaminuc/Desktop/grupo9_ws/install/lab1_grupo9/share/lab1_grupo9/package.zsh'
[0.400s] Level 1:colcon.colcon_core.environment:create_file_with_runtime_dependencies(/home/benjaminuc/Desktop/grupo9_ws/install/lab1_grupo9/share/colcon-core/packages/lab1_grupo9)
[0.400s] DEBUG:colcon.colcon_core.event_handler.log_command:Invoked command in '/home/benjaminuc/Desktop/grupo9_ws/build/cmd_vel_mux' returned '0': CMAKE_PREFIX_PATH=${CMAKE_PREFIX_PATH}:/opt/ros/humble /usr/bin/cmake --build /home/benjaminuc/Desktop/grupo9_ws/build/cmd_vel_mux -- -j12 -l12
[0.402s] DEBUG:colcon.colcon_core.event_handler.log_command:Invoking command in '/home/benjaminuc/Desktop/grupo9_ws/build/cmd_vel_mux': CMAKE_PREFIX_PATH=${CMAKE_PREFIX_PATH}:/opt/ros/humble /usr/bin/cmake --install /home/benjaminuc/Desktop/grupo9_ws/build/cmd_vel_mux
[0.402s] Level 1:colcon.colcon_core.environment:create_environment_scripts_only(lab2_grupo9)
[0.402s] Level 1:colcon.colcon_core.environment:checking '/home/benjaminuc/Desktop/grupo9_ws/install/lab2_grupo9' for CMake module files
[0.402s] DEBUG:colcon.colcon_core.event_handler.log_command:Invoked command in '/home/benjaminuc/Desktop/grupo9_ws/build/lab2_grupo9' returned '0': CMAKE_PREFIX_PATH=${CMAKE_PREFIX_PATH}:/opt/ros/humble /usr/bin/cmake --install /home/benjaminuc/Desktop/grupo9_ws/build/lab2_grupo9
[0.402s] Level 1:colcon.colcon_core.environment:checking '/home/benjaminuc/Desktop/grupo9_ws/install/lab2_grupo9' for CMake config files
[0.403s] Level 1:colcon.colcon_core.shell:create_environment_hook('lab2_grupo9', 'cmake_prefix_path')
[0.403s] INFO:colcon.colcon_core.shell:Creating environment hook '/home/benjaminuc/Desktop/grupo9_ws/install/lab2_grupo9/share/lab2_grupo9/hook/cmake_prefix_path.ps1'
[0.403s] INFO:colcon.colcon_core.shell:Creating environment descriptor '/home/benjaminuc/Desktop/grupo9_ws/install/lab2_grupo9/share/lab2_grupo9/hook/cmake_prefix_path.dsv'
[0.403s] INFO:colcon.colcon_core.shell:Creating environment hook '/home/benjaminuc/Desktop/grupo9_ws/install/lab2_grupo9/share/lab2_grupo9/hook/cmake_prefix_path.sh'
[0.404s] Level 1:colcon.colcon_core.environment:checking '/home/benjaminuc/Desktop/grupo9_ws/install/lab2_grupo9/lib'
[0.404s] Level 1:colcon.colcon_core.environment:checking '/home/benjaminuc/Desktop/grupo9_ws/install/lab2_grupo9/bin'
[0.404s] Level 1:colcon.colcon_core.environment:checking '/home/benjaminuc/Desktop/grupo9_ws/install/lab2_grupo9/lib/pkgconfig/lab2_grupo9.pc'
[0.404s] Level 1:colcon.colcon_core.environment:checking '/home/benjaminuc/Desktop/grupo9_ws/install/lab2_grupo9/lib/python3.10/site-packages'
[0.404s] Level 1:colcon.colcon_core.environment:checking '/home/benjaminuc/Desktop/grupo9_ws/install/lab2_grupo9/bin'
[0.404s] INFO:colcon.colcon_core.shell:Creating package script '/home/benjaminuc/Desktop/grupo9_ws/install/lab2_grupo9/share/lab2_grupo9/package.ps1'
[0.404s] INFO:colcon.colcon_core.shell:Creating package descriptor '/home/benjaminuc/Desktop/grupo9_ws/install/lab2_grupo9/share/lab2_grupo9/package.dsv'
[0.405s] INFO:colcon.colcon_core.shell:Creating package script '/home/benjaminuc/Desktop/grupo9_ws/install/lab2_grupo9/share/lab2_grupo9/package.sh'
[0.405s] INFO:colcon.colcon_core.shell:Creating package script '/home/benjaminuc/Desktop/grupo9_ws/install/lab2_grupo9/share/lab2_grupo9/package.bash'
[0.405s] INFO:colcon.colcon_core.shell:Creating package script '/home/benjaminuc/Desktop/grupo9_ws/install/lab2_grupo9/share/lab2_grupo9/package.zsh'
[0.405s] Level 1:colcon.colcon_core.environment:create_file_with_runtime_dependencies(/home/benjaminuc/Desktop/grupo9_ws/install/lab2_grupo9/share/colcon-core/packages/lab2_grupo9)
[0.406s] Level 1:colcon.colcon_core.environment:create_environment_scripts_only(lab2_grupo9)
[0.406s] Level 1:colcon.colcon_core.environment:checking '/home/benjaminuc/Desktop/grupo9_ws/install/lab2_grupo9' for CMake module files
[0.406s] Level 1:colcon.colcon_core.environment:checking '/home/benjaminuc/Desktop/grupo9_ws/install/lab2_grupo9' for CMake config files
[0.406s] Level 1:colcon.colcon_core.shell:create_environment_hook('lab2_grupo9', 'cmake_prefix_path')
[0.407s] INFO:colcon.colcon_core.shell:Creating environment hook '/home/benjaminuc/Desktop/grupo9_ws/install/lab2_grupo9/share/lab2_grupo9/hook/cmake_prefix_path.ps1'
[0.407s] INFO:colcon.colcon_core.shell:Creating environment descriptor '/home/benjaminuc/Desktop/grupo9_ws/install/lab2_grupo9/share/lab2_grupo9/hook/cmake_prefix_path.dsv'
[0.407s] INFO:colcon.colcon_core.shell:Creating environment hook '/home/benjaminuc/Desktop/grupo9_ws/install/lab2_grupo9/share/lab2_grupo9/hook/cmake_prefix_path.sh'
[0.407s] Level 1:colcon.colcon_core.environment:checking '/home/benjaminuc/Desktop/grupo9_ws/install/lab2_grupo9/lib'
[0.407s] Level 1:colcon.colcon_core.environment:checking '/home/benjaminuc/Desktop/grupo9_ws/install/lab2_grupo9/bin'
[0.407s] Level 1:colcon.colcon_core.environment:checking '/home/benjaminuc/Desktop/grupo9_ws/install/lab2_grupo9/lib/pkgconfig/lab2_grupo9.pc'
[0.408s] Level 1:colcon.colcon_core.environment:checking '/home/benjaminuc/Desktop/grupo9_ws/install/lab2_grupo9/lib/python3.10/site-packages'
[0.408s] Level 1:colcon.colcon_core.environment:checking '/home/benjaminuc/Desktop/grupo9_ws/install/lab2_grupo9/bin'
[0.408s] INFO:colcon.colcon_core.shell:Creating package script '/home/benjaminuc/Desktop/grupo9_ws/install/lab2_grupo9/share/lab2_grupo9/package.ps1'
[0.408s] INFO:colcon.colcon_core.shell:Creating package descriptor '/home/benjaminuc/Desktop/grupo9_ws/install/lab2_grupo9/share/lab2_grupo9/package.dsv'
[0.408s] INFO:colcon.colcon_core.shell:Creating package script '/home/benjaminuc/Desktop/grupo9_ws/install/lab2_grupo9/share/lab2_grupo9/package.sh'
[0.409s] INFO:colcon.colcon_core.shell:Creating package script '/home/benjaminuc/Desktop/grupo9_ws/install/lab2_grupo9/share/lab2_grupo9/package.bash'
[0.409s] INFO:colcon.colcon_core.shell:Creating package script '/home/benjaminuc/Desktop/grupo9_ws/install/lab2_grupo9/share/lab2_grupo9/package.zsh'
[0.409s] Level 1:colcon.colcon_core.environment:create_file_with_runtime_dependencies(/home/benjaminuc/Desktop/grupo9_ws/install/lab2_grupo9/share/colcon-core/packages/lab2_grupo9)
[0.418s] Level 1:colcon.colcon_core.environment:create_environment_scripts_only(cmd_vel_mux)
[0.418s] DEBUG:colcon.colcon_core.event_handler.log_command:Invoked command in '/home/benjaminuc/Desktop/grupo9_ws/build/cmd_vel_mux' returned '0': CMAKE_PREFIX_PATH=${CMAKE_PREFIX_PATH}:/opt/ros/humble /usr/bin/cmake --install /home/benjaminuc/Desktop/grupo9_ws/build/cmd_vel_mux
[0.418s] Level 1:colcon.colcon_core.environment:checking '/home/benjaminuc/Desktop/grupo9_ws/install/cmd_vel_mux' for CMake module files
[0.419s] Level 1:colcon.colcon_core.environment:checking '/home/benjaminuc/Desktop/grupo9_ws/install/cmd_vel_mux' for CMake config files
[0.419s] Level 1:colcon.colcon_core.shell:create_environment_hook('cmd_vel_mux', 'cmake_prefix_path')
[0.419s] INFO:colcon.colcon_core.shell:Creating environment hook '/home/benjaminuc/Desktop/grupo9_ws/install/cmd_vel_mux/share/cmd_vel_mux/hook/cmake_prefix_path.ps1'
[0.419s] INFO:colcon.colcon_core.shell:Creating environment descriptor '/home/benjaminuc/Desktop/grupo9_ws/install/cmd_vel_mux/share/cmd_vel_mux/hook/cmake_prefix_path.dsv'
[0.420s] INFO:colcon.colcon_core.shell:Creating environment hook '/home/benjaminuc/Desktop/grupo9_ws/install/cmd_vel_mux/share/cmd_vel_mux/hook/cmake_prefix_path.sh'
[0.420s] Level 1:colcon.colcon_core.environment:checking '/home/benjaminuc/Desktop/grupo9_ws/install/cmd_vel_mux/lib'
[0.420s] Level 1:colcon.colcon_core.shell:create_environment_hook('cmd_vel_mux', 'ld_library_path_lib')
[0.420s] INFO:colcon.colcon_core.shell:Creating environment hook '/home/benjaminuc/Desktop/grupo9_ws/install/cmd_vel_mux/share/cmd_vel_mux/hook/ld_library_path_lib.ps1'
[0.420s] INFO:colcon.colcon_core.shell:Creating environment descriptor '/home/benjaminuc/Desktop/grupo9_ws/install/cmd_vel_mux/share/cmd_vel_mux/hook/ld_library_path_lib.dsv'
[0.421s] INFO:colcon.colcon_core.shell:Creating environment hook '/home/benjaminuc/Desktop/grupo9_ws/install/cmd_vel_mux/share/cmd_vel_mux/hook/ld_library_path_lib.sh'
[0.421s] Level 1:colcon.colcon_core.environment:checking '/home/benjaminuc/Desktop/grupo9_ws/install/cmd_vel_mux/bin'
[0.421s] Level 1:colcon.colcon_core.environment:checking '/home/benjaminuc/Desktop/grupo9_ws/install/cmd_vel_mux/lib/pkgconfig/cmd_vel_mux.pc'
[0.421s] Level 1:colcon.colcon_core.environment:checking '/home/benjaminuc/Desktop/grupo9_ws/install/cmd_vel_mux/lib/python3.10/site-packages'
[0.421s] Level 1:colcon.colcon_core.environment:checking '/home/benjaminuc/Desktop/grupo9_ws/install/cmd_vel_mux/bin'
[0.421s] INFO:colcon.colcon_core.shell:Creating package script '/home/benjaminuc/Desktop/grupo9_ws/install/cmd_vel_mux/share/cmd_vel_mux/package.ps1'
[0.422s] INFO:colcon.colcon_core.shell:Creating package descriptor '/home/benjaminuc/Desktop/grupo9_ws/install/cmd_vel_mux/share/cmd_vel_mux/package.dsv'
[0.422s] INFO:colcon.colcon_core.shell:Creating package script '/home/benjaminuc/Desktop/grupo9_ws/install/cmd_vel_mux/share/cmd_vel_mux/package.sh'
[0.422s] INFO:colcon.colcon_core.shell:Creating package script '/home/benjaminuc/Desktop/grupo9_ws/install/cmd_vel_mux/share/cmd_vel_mux/package.bash'
[0.422s] INFO:colcon.colcon_core.shell:Creating package script '/home/benjaminuc/Desktop/grupo9_ws/install/cmd_vel_mux/share/cmd_vel_mux/package.zsh'
[0.423s] Level 1:colcon.colcon_core.environment:create_file_with_runtime_dependencies(/home/benjaminuc/Desktop/grupo9_ws/install/cmd_vel_mux/share/colcon-core/packages/cmd_vel_mux)
[0.423s] Level 1:colcon.colcon_core.environment:create_environment_scripts_only(cmd_vel_mux)
[0.423s] Level 1:colcon.colcon_core.environment:checking '/home/benjaminuc/Desktop/grupo9_ws/install/cmd_vel_mux' for CMake module files
[0.423s] Level 1:colcon.colcon_core.environment:checking '/home/benjaminuc/Desktop/grupo9_ws/install/cmd_vel_mux' for CMake config files
[0.423s] Level 1:colcon.colcon_core.shell:create_environment_hook('cmd_vel_mux', 'cmake_prefix_path')
[0.424s] INFO:colcon.colcon_core.shell:Creating environment hook '/home/benjaminuc/Desktop/grupo9_ws/install/cmd_vel_mux/share/cmd_vel_mux/hook/cmake_prefix_path.ps1'
[0.424s] INFO:colcon.colcon_core.shell:Creating environment descriptor '/home/benjaminuc/Desktop/grupo9_ws/install/cmd_vel_mux/share/cmd_vel_mux/hook/cmake_prefix_path.dsv'
[0.424s] INFO:colcon.colcon_core.shell:Creating environment hook '/home/benjaminuc/Desktop/grupo9_ws/install/cmd_vel_mux/share/cmd_vel_mux/hook/cmake_prefix_path.sh'
[0.424s] Level 1:colcon.colcon_core.environment:checking '/home/benjaminuc/Desktop/grupo9_ws/install/cmd_vel_mux/lib'
[0.425s] Level 1:colcon.colcon_core.shell:create_environment_hook('cmd_vel_mux', 'ld_library_path_lib')
[0.425s] INFO:colcon.colcon_core.shell:Creating environment hook '/home/benjaminuc/Desktop/grupo9_ws/install/cmd_vel_mux/share/cmd_vel_mux/hook/ld_library_path_lib.ps1'
[0.425s] INFO:colcon.colcon_core.shell:Creating environment descriptor '/home/benjaminuc/Desktop/grupo9_ws/install/cmd_vel_mux/share/cmd_vel_mux/hook/ld_library_path_lib.dsv'
[0.425s] INFO:colcon.colcon_core.shell:Creating environment hook '/home/benjaminuc/Desktop/grupo9_ws/install/cmd_vel_mux/share/cmd_vel_mux/hook/ld_library_path_lib.sh'
[0.425s] Level 1:colcon.colcon_core.environment:checking '/home/benjaminuc/Desktop/grupo9_ws/install/cmd_vel_mux/bin'
[0.425s] Level 1:colcon.colcon_core.environment:checking '/home/benjaminuc/Desktop/grupo9_ws/install/cmd_vel_mux/lib/pkgconfig/cmd_vel_mux.pc'
[0.426s] Level 1:colcon.colcon_core.environment:checking '/home/benjaminuc/Desktop/grupo9_ws/install/cmd_vel_mux/lib/python3.10/site-packages'
[0.426s] Level 1:colcon.colcon_core.environment:checking '/home/benjaminuc/Desktop/grupo9_ws/install/cmd_vel_mux/bin'
[0.426s] INFO:colcon.colcon_core.shell:Creating package script '/home/benjaminuc/Desktop/grupo9_ws/install/cmd_vel_mux/share/cmd_vel_mux/package.ps1'
[0.426s] INFO:colcon.colcon_core.shell:Creating package descriptor '/home/benjaminuc/Desktop/grupo9_ws/install/cmd_vel_mux/share/cmd_vel_mux/package.dsv'
[0.427s] INFO:colcon.colcon_core.shell:Creating package script '/home/benjaminuc/Desktop/grupo9_ws/install/cmd_vel_mux/share/cmd_vel_mux/package.sh'
[0.427s] INFO:colcon.colcon_core.shell:Creating package script '/home/benjaminuc/Desktop/grupo9_ws/install/cmd_vel_mux/share/cmd_vel_mux/package.bash'
[0.427s] INFO:colcon.colcon_core.shell:Creating package script '/home/benjaminuc/Desktop/grupo9_ws/install/cmd_vel_mux/share/cmd_vel_mux/package.zsh'
[0.427s] Level 1:colcon.colcon_core.environment:create_file_with_runtime_dependencies(/home/benjaminuc/Desktop/grupo9_ws/install/cmd_vel_mux/share/colcon-core/packages/cmd_vel_mux)
[0.508s] DEBUG:colcon.colcon_core.event_handler.log_command:Invoked command in '/home/benjaminuc/Desktop/grupo9_ws/build/lab3_grupo9' returned '2': CMAKE_PREFIX_PATH=${CMAKE_PREFIX_PATH}:/opt/ros/humble /usr/bin/cmake --build /home/benjaminuc/Desktop/grupo9_ws/build/lab3_grupo9 -- -j12 -l12
[0.509s] Level 1:colcon.colcon_core.environment:create_environment_scripts_only(lab3_grupo9)
[0.509s] Level 1:colcon.colcon_core.environment:checking '/home/benjaminuc/Desktop/grupo9_ws/install/lab3_grupo9' for CMake module files
[0.510s] Level 1:colcon.colcon_core.environment:checking '/home/benjaminuc/Desktop/grupo9_ws/install/lab3_grupo9' for CMake config files
[0.510s] Level 1:colcon.colcon_core.shell:create_environment_hook('lab3_grupo9', 'cmake_prefix_path')
[0.510s] INFO:colcon.colcon_core.shell:Creating environment hook '/home/benjaminuc/Desktop/grupo9_ws/install/lab3_grupo9/share/lab3_grupo9/hook/cmake_prefix_path.ps1'
[0.511s] INFO:colcon.colcon_core.shell:Creating environment descriptor '/home/benjaminuc/Desktop/grupo9_ws/install/lab3_grupo9/share/lab3_grupo9/hook/cmake_prefix_path.dsv'
[0.511s] INFO:colcon.colcon_core.shell:Creating environment hook '/home/benjaminuc/Desktop/grupo9_ws/install/lab3_grupo9/share/lab3_grupo9/hook/cmake_prefix_path.sh'
[0.511s] Level 1:colcon.colcon_core.environment:checking '/home/benjaminuc/Desktop/grupo9_ws/install/lab3_grupo9/bin'
[0.511s] Level 1:colcon.colcon_core.environment:checking '/home/benjaminuc/Desktop/grupo9_ws/install/lab3_grupo9/lib/pkgconfig/lab3_grupo9.pc'
[0.511s] Level 1:colcon.colcon_core.environment:checking '/home/benjaminuc/Desktop/grupo9_ws/install/lab3_grupo9/lib/python3.10/site-packages'
[0.511s] Level 1:colcon.colcon_core.environment:checking '/home/benjaminuc/Desktop/grupo9_ws/install/lab3_grupo9/bin'
[0.512s] INFO:colcon.colcon_core.shell:Creating package script '/home/benjaminuc/Desktop/grupo9_ws/install/lab3_grupo9/share/lab3_grupo9/package.ps1'
[0.512s] INFO:colcon.colcon_core.shell:Creating package descriptor '/home/benjaminuc/Desktop/grupo9_ws/install/lab3_grupo9/share/lab3_grupo9/package.dsv'
[0.512s] INFO:colcon.colcon_core.shell:Creating package script '/home/benjaminuc/Desktop/grupo9_ws/install/lab3_grupo9/share/lab3_grupo9/package.sh'
[0.512s] INFO:colcon.colcon_core.shell:Creating package script '/home/benjaminuc/Desktop/grupo9_ws/install/lab3_grupo9/share/lab3_grupo9/package.bash'
[0.513s] INFO:colcon.colcon_core.shell:Creating package script '/home/benjaminuc/Desktop/grupo9_ws/install/lab3_grupo9/share/lab3_grupo9/package.zsh'
[0.513s] Level 1:colcon.colcon_core.environment:create_file_with_runtime_dependencies(/home/benjaminuc/Desktop/grupo9_ws/install/lab3_grupo9/share/colcon-core/packages/lab3_grupo9)
[0.571s] DEBUG:colcon.colcon_parallel_executor.executor.parallel:closing loop
[0.571s] DEBUG:colcon.colcon_parallel_executor.executor.parallel:loop closed
[0.571s] DEBUG:colcon.colcon_parallel_executor.executor.parallel:run_until_complete finished with '2'
[0.571s] DEBUG:colcon.colcon_core.event_reactor:joining thread
[0.575s] INFO:colcon.colcon_core.plugin_system:Skipping extension 'colcon_notification.desktop_notification.terminal_notifier': Not used on non-Darwin systems
[0.575s] INFO:colcon.colcon_core.plugin_system:Skipping extension 'colcon_notification.desktop_notification.win32': Not used on non-Windows systems
[0.575s] INFO:colcon.colcon_notification.desktop_notification:Sending desktop notification using 'notify2'
[0.591s] DEBUG:colcon.colcon_core.event_reactor:joined thread
[0.591s] INFO:colcon.colcon_core.shell:Creating prefix script '/home/benjaminuc/Desktop/grupo9_ws/install/local_setup.ps1'
[0.592s] INFO:colcon.colcon_core.shell:Creating prefix util module '/home/benjaminuc/Desktop/grupo9_ws/install/_local_setup_util_ps1.py'
[0.593s] INFO:colcon.colcon_core.shell:Creating prefix chain script '/home/benjaminuc/Desktop/grupo9_ws/install/setup.ps1'
[0.594s] INFO:colcon.colcon_core.shell:Creating prefix script '/home/benjaminuc/Desktop/grupo9_ws/install/local_setup.sh'
[0.595s] INFO:colcon.colcon_core.shell:Creating prefix util module '/home/benjaminuc/Desktop/grupo9_ws/install/_local_setup_util_sh.py'
[0.595s] INFO:colcon.colcon_core.shell:Creating prefix chain script '/home/benjaminuc/Desktop/grupo9_ws/install/setup.sh'
[0.596s] INFO:colcon.colcon_core.shell:Creating prefix script '/home/benjaminuc/Desktop/grupo9_ws/install/local_setup.bash'
[0.596s] INFO:colcon.colcon_core.shell:Creating prefix chain script '/home/benjaminuc/Desktop/grupo9_ws/install/setup.bash'
[0.597s] INFO:colcon.colcon_core.shell:Creating prefix script '/home/benjaminuc/Desktop/grupo9_ws/install/local_setup.zsh'
[0.598s] INFO:colcon.colcon_core.shell:Creating prefix chain script '/home/benjaminuc/Desktop/grupo9_ws/install/setup.zsh'
