[0.024s] Invoking command in '/home/benjaminuc/Desktop/grupo9_ws/build/proyecto_grupo_9_2025': CMAKE_PREFIX_PATH=${CMAKE_PREFIX_PATH}:/opt/ros/humble /usr/bin/cmake --build /home/benjaminuc/Desktop/grupo9_ws/build/proyecto_grupo_9_2025 -- -j12 -l12
[0.043s] -- Found ament_cmake: 1.3.11 (/opt/ros/humble/share/ament_cmake/cmake)
[0.141s] -- Override CMake install command with custom implementation using symlinks instead of copying resources
[0.193s] -- Found ament_lint_auto: 0.12.12 (/opt/ros/humble/share/ament_lint_auto/cmake)
[0.243s] -- Added test 'flake8' to check Python code syntax and style conventions
[0.244s] -- Added test 'lint_cmake' to check CMake code style
[0.244s] -- Added test 'pep257' to check Python code against some of the docstring style conventions in PEP 257
[0.245s] -- Added test 'xmllint' to check XML markup files
[0.246s] -- Configuring done
[0.250s] -- Generating done
[0.251s] -- Build files have been written to: /home/benjaminuc/Desktop/grupo9_ws/build/proyecto_grupo_9_2025
[0.274s] Built target ament_cmake_python_symlink_proyecto_grupo_9_2025
[0.421s] running egg_info
[0.422s] writing proyecto_grupo_9_2025.egg-info/PKG-INFO
[0.422s] writing dependency_links to proyecto_grupo_9_2025.egg-info/dependency_links.txt
[0.422s] writing top-level names to proyecto_grupo_9_2025.egg-info/top_level.txt
[0.423s] reading manifest file 'proyecto_grupo_9_2025.egg-info/SOURCES.txt'
[0.423s] writing manifest file 'proyecto_grupo_9_2025.egg-info/SOURCES.txt'
[0.440s] Built target ament_cmake_python_build_proyecto_grupo_9_2025_egg
[0.447s] Invoked command in '/home/benjaminuc/Desktop/grupo9_ws/build/proyecto_grupo_9_2025' returned '0': CMAKE_PREFIX_PATH=${CMAKE_PREFIX_PATH}:/opt/ros/humble /usr/bin/cmake --build /home/benjaminuc/Desktop/grupo9_ws/build/proyecto_grupo_9_2025 -- -j12 -l12
[0.448s] Invoking command in '/home/benjaminuc/Desktop/grupo9_ws/build/proyecto_grupo_9_2025': CMAKE_PREFIX_PATH=${CMAKE_PREFIX_PATH}:/opt/ros/humble /usr/bin/cmake --install /home/benjaminuc/Desktop/grupo9_ws/build/proyecto_grupo_9_2025
[0.452s] -- Install configuration: ""
[0.452s] -- Execute custom install script
[0.453s] -- Up-to-date symlink: /home/benjaminuc/Desktop/grupo9_ws/install/proyecto_grupo_9_2025/share/proyecto_grupo_9_2025/environment/pythonpath.sh
[0.453s] -- Up-to-date symlink: /home/benjaminuc/Desktop/grupo9_ws/install/proyecto_grupo_9_2025/share/proyecto_grupo_9_2025/environment/pythonpath.dsv
[0.453s] -- Up-to-date symlink: /home/benjaminuc/Desktop/grupo9_ws/install/proyecto_grupo_9_2025/local/lib/python3.10/dist-packages/proyecto_grupo_9_2025-0.0.0-py3.10.egg-info/PKG-INFO
[0.453s] -- Up-to-date symlink: /home/benjaminuc/Desktop/grupo9_ws/install/proyecto_grupo_9_2025/local/lib/python3.10/dist-packages/proyecto_grupo_9_2025-0.0.0-py3.10.egg-info/SOURCES.txt
[0.453s] -- Up-to-date symlink: /home/benjaminuc/Desktop/grupo9_ws/install/proyecto_grupo_9_2025/local/lib/python3.10/dist-packages/proyecto_grupo_9_2025-0.0.0-py3.10.egg-info/dependency_links.txt
[0.453s] -- Up-to-date symlink: /home/benjaminuc/Desktop/grupo9_ws/install/proyecto_grupo_9_2025/local/lib/python3.10/dist-packages/proyecto_grupo_9_2025-0.0.0-py3.10.egg-info/top_level.txt
[0.454s] -- Up-to-date symlink: /home/benjaminuc/Desktop/grupo9_ws/install/proyecto_grupo_9_2025/local/lib/python3.10/dist-packages/proyecto_grupo_9_2025/__init__.py
[0.454s] -- Up-to-date symlink: /home/benjaminuc/Desktop/grupo9_ws/install/proyecto_grupo_9_2025/share/proyecto_grupo_9_2025/launch/launch_act1.xml
[0.454s] -- Up-to-date symlink: /home/benjaminuc/Desktop/grupo9_ws/install/proyecto_grupo_9_2025/share/proyecto_grupo_9_2025/mapa_bodega.yaml
[0.454s] -- Up-to-date symlink: /home/benjaminuc/Desktop/grupo9_ws/install/proyecto_grupo_9_2025/share/proyecto_grupo_9_2025/mapa_bodega.pgm
[0.454s] -- Symlinking: /home/benjaminuc/Desktop/grupo9_ws/install/proyecto_grupo_9_2025/share/proyecto_grupo_9_2025/nav2_params.yaml
[0.460s] -- Up-to-date symlink: /home/benjaminuc/Desktop/grupo9_ws/install/proyecto_grupo_9_2025/share/ament_index/resource_index/package_run_dependencies/proyecto_grupo_9_2025
[0.460s] -- Up-to-date symlink: /home/benjaminuc/Desktop/grupo9_ws/install/proyecto_grupo_9_2025/share/ament_index/resource_index/parent_prefix_path/proyecto_grupo_9_2025
[0.460s] -- Up-to-date symlink: /home/benjaminuc/Desktop/grupo9_ws/install/proyecto_grupo_9_2025/share/proyecto_grupo_9_2025/environment/ament_prefix_path.sh
[0.460s] -- Up-to-date symlink: /home/benjaminuc/Desktop/grupo9_ws/install/proyecto_grupo_9_2025/share/proyecto_grupo_9_2025/environment/ament_prefix_path.dsv
[0.460s] -- Up-to-date symlink: /home/benjaminuc/Desktop/grupo9_ws/install/proyecto_grupo_9_2025/share/proyecto_grupo_9_2025/environment/path.sh
[0.460s] -- Up-to-date symlink: /home/benjaminuc/Desktop/grupo9_ws/install/proyecto_grupo_9_2025/share/proyecto_grupo_9_2025/environment/path.dsv
[0.460s] -- Up-to-date symlink: /home/benjaminuc/Desktop/grupo9_ws/install/proyecto_grupo_9_2025/share/proyecto_grupo_9_2025/local_setup.bash
[0.460s] -- Up-to-date symlink: /home/benjaminuc/Desktop/grupo9_ws/install/proyecto_grupo_9_2025/share/proyecto_grupo_9_2025/local_setup.sh
[0.460s] -- Up-to-date symlink: /home/benjaminuc/Desktop/grupo9_ws/install/proyecto_grupo_9_2025/share/proyecto_grupo_9_2025/local_setup.zsh
[0.461s] -- Up-to-date symlink: /home/benjaminuc/Desktop/grupo9_ws/install/proyecto_grupo_9_2025/share/proyecto_grupo_9_2025/local_setup.dsv
[0.461s] -- Symlinking: /home/benjaminuc/Desktop/grupo9_ws/install/proyecto_grupo_9_2025/share/proyecto_grupo_9_2025/package.dsv
[0.466s] -- Up-to-date symlink: /home/benjaminuc/Desktop/grupo9_ws/install/proyecto_grupo_9_2025/share/ament_index/resource_index/packages/proyecto_grupo_9_2025
[0.466s] -- Up-to-date symlink: /home/benjaminuc/Desktop/grupo9_ws/install/proyecto_grupo_9_2025/share/proyecto_grupo_9_2025/cmake/proyecto_grupo_9_2025Config.cmake
[0.466s] -- Up-to-date symlink: /home/benjaminuc/Desktop/grupo9_ws/install/proyecto_grupo_9_2025/share/proyecto_grupo_9_2025/cmake/proyecto_grupo_9_2025Config-version.cmake
[0.466s] -- Up-to-date symlink: /home/benjaminuc/Desktop/grupo9_ws/install/proyecto_grupo_9_2025/share/proyecto_grupo_9_2025/package.xml
[0.485s] Listing '/home/benjaminuc/Desktop/grupo9_ws/install/proyecto_grupo_9_2025/local/lib/python3.10/dist-packages/proyecto_grupo_9_2025'...
[0.489s] Invoked command in '/home/benjaminuc/Desktop/grupo9_ws/build/proyecto_grupo_9_2025' returned '0': CMAKE_PREFIX_PATH=${CMAKE_PREFIX_PATH}:/opt/ros/humble /usr/bin/cmake --install /home/benjaminuc/Desktop/grupo9_ws/build/proyecto_grupo_9_2025
